Archive member included to satisfy reference by file (symbol)

app/libapp.a(main.c.obj)      (--whole-archive)
zephyr/libzephyr.a(validate_libc.c.obj)
                              (--whole-archive)
zephyr/libzephyr.a(heap.c.obj)
                              (--whole-archive)
zephyr/libzephyr.a(cbprintf_packaged.c.obj)
                              (--whole-archive)
zephyr/libzephyr.a(clock.c.obj)
                              (--whole-archive)
zephyr/libzephyr.a(printk.c.obj)
                              (--whole-archive)
zephyr/libzephyr.a(sem.c.obj)
                              (--whole-archive)
zephyr/libzephyr.a(thread_entry.c.obj)
                              (--whole-archive)
zephyr/libzephyr.a(cbprintf_complete.c.obj)
                              (--whole-archive)
zephyr/libzephyr.a(assert.c.obj)
                              (--whole-archive)
zephyr/libzephyr.a(dec.c.obj)
                              (--whole-archive)
zephyr/libzephyr.a(hex.c.obj)
                              (--whole-archive)
zephyr/libzephyr.a(rb.c.obj)  (--whole-archive)
zephyr/libzephyr.a(timeutil.c.obj)
                              (--whole-archive)
zephyr/libzephyr.a(bitarray.c.obj)
                              (--whole-archive)
zephyr/libzephyr.a(bitmask.c.obj)
                              (--whole-archive)
zephyr/libzephyr.a(getopt.c.obj)
                              (--whole-archive)
zephyr/libzephyr.a(getopt_common.c.obj)
                              (--whole-archive)
zephyr/libzephyr.a(ring_buffer.c.obj)
                              (--whole-archive)
zephyr/libzephyr.a(last_section_id.c.obj)
                              (--whole-archive)
zephyr/libzephyr.a(configs.c.obj)
                              (--whole-archive)
zephyr/libzephyr.a(stm32cube_hal.c.obj)
                              (--whole-archive)
zephyr/libzephyr.a(soc_config.c.obj)
                              (--whole-archive)
zephyr/libzephyr.a(stm32_cache.c.obj)
                              (--whole-archive)
zephyr/libzephyr.a(stm32_backup_domain.c.obj)
                              (--whole-archive)
zephyr/libzephyr.a(soc.c.obj)
                              (--whole-archive)
zephyr/libzephyr.a(tracing_none.c.obj)
                              (--whole-archive)
zephyr/libzephyr.a(usb_device.c.obj)
                              (--whole-archive)
zephyr/libzephyr.a(usb_descriptor.c.obj)
                              (--whole-archive)
zephyr/libzephyr.a(usb_transfer.c.obj)
                              (--whole-archive)
zephyr/libzephyr.a(cdc_acm.c.obj)
                              (--whole-archive)
zephyr/libzephyr.a(usb_work_q.c.obj)
                              (--whole-archive)
zephyr/arch/common/libarch__common.a(sw_isr_common.c.obj)
                              (--whole-archive)
zephyr/arch/common/libarch__common.a(init.c.obj)
                              (--whole-archive)
zephyr/arch/common/libarch__common.a(xip.c.obj)
                              (--whole-archive)
zephyr/arch/arch/arm/core/libarch__arm__core.a(fatal.c.obj)
                              (--whole-archive)
zephyr/arch/arch/arm/core/libarch__arm__core.a(nmi.c.obj)
                              (--whole-archive)
zephyr/arch/arch/arm/core/libarch__arm__core.a(nmi_on_reset.S.obj)
                              (--whole-archive)
zephyr/arch/arch/arm/core/libarch__arm__core.a(tls.c.obj)
                              (--whole-archive)
zephyr/arch/arch/arm/core/cortex_m/libarch__arm__core__cortex_m.a(exc_exit.c.obj)
                              (--whole-archive)
zephyr/arch/arch/arm/core/cortex_m/libarch__arm__core__cortex_m.a(fault.c.obj)
                              (--whole-archive)
zephyr/arch/arch/arm/core/cortex_m/libarch__arm__core__cortex_m.a(fault_s.S.obj)
                              (--whole-archive)
zephyr/arch/arch/arm/core/cortex_m/libarch__arm__core__cortex_m.a(fpu.c.obj)
                              (--whole-archive)
zephyr/arch/arch/arm/core/cortex_m/libarch__arm__core__cortex_m.a(reset.S.obj)
                              (--whole-archive)
zephyr/arch/arch/arm/core/cortex_m/libarch__arm__core__cortex_m.a(scb.c.obj)
                              (--whole-archive)
zephyr/arch/arch/arm/core/cortex_m/libarch__arm__core__cortex_m.a(thread_abort.c.obj)
                              (--whole-archive)
zephyr/arch/arch/arm/core/cortex_m/libarch__arm__core__cortex_m.a(vector_table.S.obj)
                              (--whole-archive)
zephyr/arch/arch/arm/core/cortex_m/libarch__arm__core__cortex_m.a(swap_helper.S.obj)
                              (--whole-archive)
zephyr/arch/arch/arm/core/cortex_m/libarch__arm__core__cortex_m.a(irq_manage.c.obj)
                              (--whole-archive)
zephyr/arch/arch/arm/core/cortex_m/libarch__arm__core__cortex_m.a(prep_c.c.obj)
                              (--whole-archive)
zephyr/arch/arch/arm/core/cortex_m/libarch__arm__core__cortex_m.a(thread.c.obj)
                              (--whole-archive)
[...]
Memory Configuration

Name             Origin             Length             Attributes
FLASH            0x0000000008000000 0x0000000000200000 xr
RAM              0x0000000020000000 0x00000000000c0000 xw
SRAM0            0x0000000020000000 0x00000000000c0000 rw
IDT_LIST         0x00000000ffff7fff 0x0000000000008000 xw
*default*        0x0000000000000000 0xffffffffffffffff

Linker script and memory map

                0x0000000008005bd8                vfprintf = __l_vfprintf
                0x0000000000000000                vfscanf = __l_vfscanf
LOAD zephyr/CMakeFiles/zephyr_pre0.dir/misc/empty_file.c.obj
LOAD zephyr/CMakeFiles/offsets.dir/./arch/arm/core/offsets/offsets.c.obj
LOAD app/libapp.a
LOAD zephyr/libzephyr.a
LOAD zephyr/arch/common/libarch__common.a
LOAD zephyr/arch/arch/arm/core/libarch__arm__core.a
LOAD zephyr/arch/arch/arm/core/cortex_m/libarch__arm__core__cortex_m.a
LOAD zephyr/arch/arch/arm/core/cortex_m/cmse/libarch__arm__core__cortex_m__cmse.a
LOAD zephyr/lib/libc/picolibc/liblib__libc__picolibc.a
LOAD zephyr/lib/libc/common/liblib__libc__common.a
LOAD zephyr/lib/posix/c_lib_ext/liblib__posix__c_lib_ext.a
LOAD zephyr/drivers/interrupt_controller/libdrivers__interrupt_controller.a
LOAD zephyr/drivers/usb/device/libdrivers__usb__device.a
LOAD zephyr/drivers/cache/libdrivers__cache.a
LOAD zephyr/drivers/clock_control/libdrivers__clock_control.a
LOAD zephyr/drivers/console/libdrivers__console.a
LOAD zephyr/drivers/gpio/libdrivers__gpio.a
LOAD zephyr/drivers/hwinfo/libdrivers__hwinfo.a
LOAD zephyr/drivers/pinctrl/libdrivers__pinctrl.a
LOAD zephyr/drivers/reset/libdrivers__reset.a
LOAD zephyr/drivers/serial/libdrivers__serial.a
LOAD zephyr/drivers/timer/libdrivers__timer.a
LOAD modules/hal_stm32/stm32cube/lib..__modules__hal__stm32__stm32cube.a
LOAD zephyr/kernel/libkernel.a
LOAD zephyr/arch/common/libisr_tables.a
LOAD /home/sathvik/zephyr-sdk-0.17.4/arm-zephyr-eabi/bin/../lib/gcc/../../picolibc/arm-zephyr-eabi/lib/thumb/v8-m.main/nofp/libc.a
LOAD /home/sathvik/zephyr-sdk-0.17.4/arm-zephyr-eabi/bin/../lib/gcc/arm-zephyr-eabi/12.2.0/thumb/v8-m.main/nofp/libgcc.a
                0x0000000000000004                _region_min_align = 0x4

.rel.plt        0x0000000008000000        0x0
 *(SORT_BY_ALIGNMENT(.rel.plt))
                [!provide]                        PROVIDE (__rel_iplt_start = .)
 *(SORT_BY_ALIGNMENT(.rel.iplt))
 .rel.iplt      0x0000000008000000        0x0 app/libapp.a(main.c.obj)
                [!provide]                        PROVIDE (__rel_iplt_end = .)

.rela.plt       0x0000000000000000        0x0
 *(SORT_BY_ALIGNMENT(.rela.plt))
                [!provide]                        PROVIDE (__rela_iplt_start = .)
 *(SORT_BY_ALIGNMENT(.rela.iplt))
                [!provide]                        PROVIDE (__rela_iplt_end = .)

.rel.dyn
 *(SORT_BY_ALIGNMENT(.rel.*))

.rela.dyn
 *(SORT_BY_ALIGNMENT(.rela.*))

/DISCARD/
 *(SORT_BY_ALIGNMENT(.plt))

/DISCARD/
 *(SORT_BY_ALIGNMENT(.iplt))
                0x0000000008000000                __rom_region_start = 0x8000000

rom_start       0x0000000008000000      0x234
                0x0000000008000000                __rom_start_address = .
 FILL mask 0x00
                0x0000000008000000                . = (. + (0x0 - (. - __rom_start_address)))
                0x0000000008000000                . = ALIGN (0x4)
                0x0000000008000000                . = ALIGN (0x80)
                0x0000000008000000                . = ALIGN (0x400)
                0x0000000008000000                _vector_start = .
 *(SORT_BY_ALIGNMENT(.exc_vector_table))
 *(SORT_BY_ALIGNMENT(.exc_vector_table.*))
 .exc_vector_table._vector_table_section
                0x0000000008000000       0x40 zephyr/arch/arch/arm/core/cortex_m/libarch__arm__core__cortex_m.a(vector_table.S.obj)
                0x0000000008000000                _vector_table
 *(SORT_BY_ALIGNMENT(.vectors))
                0x0000000008000234                _vector_end = .
                0x0000000008000040                . = ALIGN (0x4)
 *(SORT_BY_ALIGNMENT(.gnu.linkonce.irq_vector_table*))
 .gnu.linkonce.irq_vector_table
                0x0000000008000040      0x1f4 zephyr/arch/common/libisr_tables.a(isr_tables.c.obj)
                0x0000000008000040                _irq_vector_table
                0x0000000008000234                _vector_end = .

text            0x0000000008000234     0x7be4
                0x0000000008000234                __text_region_start = .
 *(SORT_BY_ALIGNMENT(.text))
 .text          0x0000000008000234      0x21c /home/sathvik/zephyr-sdk-0.17.4/arm-zephyr-eabi/bin/../lib/gcc/arm-zephyr-eabi/12.2.0/thumb/v8-m.main/nofp/libgcc.a(_arm_addsubsf3.o)
                0x0000000008000234                __aeabi_frsub
                0x000000000800023c                __subsf3
                0x000000000800023c                __aeabi_fsub
                0x0000000008000240                __aeabi_fadd
                0x0000000008000240                __addsf3
                0x00000000080003a0                __aeabi_ui2f
                0x00000000080003a0                __floatunsisf
                0x00000000080003a8                __aeabi_i2f
                0x00000000080003a8                __floatsisf
                0x00000000080003c4                __floatundisf
                0x00000000080003c4                __aeabi_ul2f
                0x00000000080003d4                __floatdisf
                0x00000000080003d4                __aeabi_l2f
 .text          0x0000000008000450      0x2a0 /home/sathvik/zephyr-sdk-0.17.4/arm-zephyr-eabi/bin/../lib/gcc/arm-zephyr-eabi/12.2.0/thumb/v8-m.main/nofp/libgcc.a(_arm_muldivsf3.o)
                0x0000000008000450                __mulsf3
                0x0000000008000450                __aeabi_fmul
                0x00000000080005b8                __divsf3
                0x00000000080005b8                __aeabi_fdiv
 .text          0x00000000080006f0       0x40 /home/sathvik/zephyr-sdk-0.17.4/arm-zephyr-eabi/bin/../lib/gcc/arm-zephyr-eabi/12.2.0/thumb/v8-m.main/nofp/libgcc.a(_arm_fixunssfsi.o)
                0x00000000080006f0                __aeabi_f2uiz
                0x00000000080006f0                __fixunssfsi
 .text          0x0000000008000730       0x30 /home/sathvik/zephyr-sdk-0.17.4/arm-zephyr-eabi/bin/../lib/gcc/arm-zephyr-eabi/12.2.0/thumb/v8-m.main/nofp/libgcc.a(_aeabi_uldivmod.o)
                0x0000000008000730                __aeabi_uldivmod
 .text          0x0000000008000760        0x4 /home/sathvik/zephyr-sdk-0.17.4/arm-zephyr-eabi/bin/../lib/gcc/arm-zephyr-eabi/12.2.0/thumb/v8-m.main/nofp/libgcc.a(_dvmd_tls.o)
                0x0000000008000760                __aeabi_ldiv0
                0x0000000008000760                __aeabi_idiv0
 .text          0x0000000008000764       0x10 /home/sathvik/zephyr-sdk-0.17.4/arm-zephyr-eabi/bin/../lib/gcc/../../picolibc/arm-zephyr-eabi/lib/thumb/v8-m.main/nofp/libc.a(strlen.S.o)
                0x0000000008000764                strlen
 .text          0x0000000008000774      0x29c /home/sathvik/zephyr-sdk-0.17.4/arm-zephyr-eabi/bin/../lib/gcc/arm-zephyr-eabi/12.2.0/thumb/v8-m.main/nofp/libgcc.a(_udivmoddi4.o)
                0x0000000008000774                __udivmoddi4
 *(SORT_BY_ALIGNMENT(.text.*))
 .text.main     0x0000000008000a10       0x84 app/libapp.a(main.c.obj)
                0x0000000008000a10                main
 .text.char_out
                0x0000000008000a94        0xc zephyr/libzephyr.a(printk.c.obj)
 .text.__printk_hook_install
                0x0000000008000aa0        0xc zephyr/libzephyr.a(printk.c.obj)
                0x0000000008000aa0                __printk_hook_install
 .text.vprintk  0x0000000008000aac       0x30 zephyr/libzephyr.a(printk.c.obj)
                0x0000000008000aac                vprintk
 .text.z_thread_entry
                0x0000000008000adc       0x34 zephyr/libzephyr.a(thread_entry.c.obj)
                0x0000000008000adc                z_thread_entry
 .text.st_stm32_common_config
                0x0000000008000b10       0x14 zephyr/libzephyr.a(soc_config.c.obj)
 .text.stm32_backup_domain_enable_access
                0x0000000008000b24       0x3c zephyr/libzephyr.a(stm32_backup_domain.c.obj)
                0x0000000008000b24                stm32_backup_domain_enable_access
 .text.stm32_backup_domain_disable_access
                0x0000000008000b60       0x58 zephyr/libzephyr.a(stm32_backup_domain.c.obj)
                0x0000000008000b60                stm32_backup_domain_disable_access
 .text.soc_early_init_hook
                0x0000000008000bb8       0x48 zephyr/libzephyr.a(soc.c.obj)
                0x0000000008000bb8                soc_early_init_hook
 .text.class_handler
                0x0000000008000c00       0x44 zephyr/libzephyr.a(usb_device.c.obj)
 .text.custom_handler
                0x0000000008000c44       0x64 zephyr/libzephyr.a(usb_device.c.obj)
 .text.vendor_handler
                0x0000000008000ca8       0x3c zephyr/libzephyr.a(usb_device.c.obj)
 .text.disable_endpoint
                0x0000000008000ce4       0x2c zephyr/libzephyr.a(usb_device.c.obj)
 .text.usb_reset_alt_setting
                0x0000000008000d10       0x10 zephyr/libzephyr.a(usb_device.c.obj)
 .text.is_ep_valid.part.0
                0x0000000008000d20       0x38 zephyr/libzephyr.a(usb_device.c.obj)
 .text.usb_halt_endpoint_req
                0x0000000008000d58       0x54 zephyr/libzephyr.a(usb_device.c.obj)
 .text.usb_handle_request.constprop.0
                0x0000000008000dac       0x2c zephyr/libzephyr.a(usb_device.c.obj)
 .text.forward_status_cb
                0x0000000008000dd8       0xac zephyr/libzephyr.a(usb_device.c.obj)
 .text.set_endpoint
                0x0000000008000e84       0x84 zephyr/libzephyr.a(usb_device.c.obj)
 .text.usb_handle_standard_request
                0x0000000008000f08      0x2f4 zephyr/libzephyr.a(usb_device.c.obj)
 .text.usb_data_to_host
                0x00000000080011fc       0x60 zephyr/libzephyr.a(usb_device.c.obj)
 .text.usb_handle_control_transfer
                0x000000000800125c       0xdc zephyr/libzephyr.a(usb_device.c.obj)
 .text.usb_set_config
                0x0000000008001338       0x2c zephyr/libzephyr.a(usb_device.c.obj)
                0x0000000008001338                usb_set_config
 .text.usb_enable
                0x0000000008001364      0x13c zephyr/libzephyr.a(usb_device.c.obj)
                0x0000000008001364                usb_enable
 .text.usb_update_sn_string_descriptor
                0x00000000080014a0       0x88 zephyr/libzephyr.a(usb_descriptor.c.obj)
                0x00000000080014a0                usb_update_sn_string_descriptor
 .text.usb_get_device_descriptor
                0x0000000008001528      0x1e0 zephyr/libzephyr.a(usb_descriptor.c.obj)
                0x0000000008001528                usb_get_device_descriptor
 .text.usb_ep_get_transfer
                0x0000000008001708       0x2c zephyr/libzephyr.a(usb_transfer.c.obj)
 .text.usb_transfer_work
                0x0000000008001734      0x100 zephyr/libzephyr.a(usb_transfer.c.obj)
 .text.usb_transfer_ep_callback
                0x0000000008001834       0x5c zephyr/libzephyr.a(usb_transfer.c.obj)
                0x0000000008001834                usb_transfer_ep_callback
 .text.usb_transfer
                0x0000000008001890       0xe0 zephyr/libzephyr.a(usb_transfer.c.obj)
                0x0000000008001890                usb_transfer
 .text.usb_cancel_transfer
                0x0000000008001970       0x3c zephyr/libzephyr.a(usb_transfer.c.obj)
                0x0000000008001970                usb_cancel_transfer
 .text.usb_cancel_transfers
                0x00000000080019ac       0x44 zephyr/libzephyr.a(usb_transfer.c.obj)
                0x00000000080019ac                usb_cancel_transfers
 .text.usb_transfer_init
                0x00000000080019f0       0x34 zephyr/libzephyr.a(usb_transfer.c.obj)
                0x00000000080019f0                usb_transfer_init
 .text.cdc_acm_irq_rx_enable
                0x0000000008001a24       0x20 zephyr/libzephyr.a(cdc_acm.c.obj)
 .text.cdc_acm_irq_tx_enable
                0x0000000008001a44       0x20 zephyr/libzephyr.a(cdc_acm.c.obj)
 .text.cdc_acm_fifo_fill
                0x0000000008001a64       0x3c zephyr/libzephyr.a(cdc_acm.c.obj)
 .text.cdc_acm_write_cb
                0x0000000008001aa0       0x54 zephyr/libzephyr.a(cdc_acm.c.obj)
 .text.cdc_acm_class_handle_req
                0x0000000008001af4       0x64 zephyr/libzephyr.a(cdc_acm.c.obj)
                0x0000000008001af4                cdc_acm_class_handle_req
 .text.cdc_acm_int_in
                0x0000000008001b58       0x18 zephyr/libzephyr.a(cdc_acm.c.obj)
 .text.cdc_acm_reset_port
                0x0000000008001b70       0x3c zephyr/libzephyr.a(cdc_acm.c.obj)
 .text.cdc_acm_init
                0x0000000008001bac       0x48 zephyr/libzephyr.a(cdc_acm.c.obj)
 .text.cdc_acm_poll_out
                0x0000000008001bf4       0x7c zephyr/libzephyr.a(cdc_acm.c.obj)
 .text.tx_work_handler
                0x0000000008001c70       0x78 zephyr/libzephyr.a(cdc_acm.c.obj)
 .text.cdc_acm_read_cb
                0x0000000008001ce8       0x74 zephyr/libzephyr.a(cdc_acm.c.obj)
 .text.cdc_acm_dev_status_cb
                0x0000000008001d5c       0x84 zephyr/libzephyr.a(cdc_acm.c.obj)
 .text.z_usb_work_q_init
                0x0000000008001de0       0x34 zephyr/libzephyr.a(usb_work_q.c.obj)
 .text.arch_bss_zero
                0x0000000008001e14       0x18 zephyr/arch/common/libarch__common.a(init.c.obj)
                0x0000000008001e14                arch_bss_zero
 .text.arch_data_copy
                0x0000000008001e2c       0x38 zephyr/arch/common/libarch__common.a(xip.c.obj)
                0x0000000008001e2c                arch_data_copy
 .text.z_arm_fatal_error
                0x0000000008001e64       0x60 zephyr/arch/arch/arm/core/libarch__arm__core.a(fatal.c.obj)
                0x0000000008001e64                z_arm_fatal_error
 .text.z_SysNmiOnReset
                0x0000000008001ec4        0x8 zephyr/arch/arch/arm/core/libarch__arm__core.a(nmi_on_reset.S.obj)
                0x0000000008001ec4                z_SysNmiOnReset
 .text.arch_tls_stack_setup
                0x0000000008001ecc       0x40 zephyr/arch/arch/arm/core/libarch__arm__core.a(tls.c.obj)
                0x0000000008001ecc                arch_tls_stack_setup
 .text._HandlerModeExit
                0x0000000008001f0c       0x20 zephyr/arch/arch/arm/core/cortex_m/libarch__arm__core__cortex_m.a(exc_exit.c.obj)
                0x0000000008001f0c                z_arm_exc_exit
                0x0000000008001f0c                z_arm_int_exit
 .text.usage_fault.constprop.0
                0x0000000008001f2c       0xa8 zephyr/arch/arch/arm/core/cortex_m/libarch__arm__core__cortex_m.a(fault.c.obj)
 .text.bus_fault.constprop.0
                0x0000000008001fd4       0xb8 zephyr/arch/arch/arm/core/cortex_m/libarch__arm__core__cortex_m.a(fault.c.obj)
 .text.mem_manage_fault.constprop.0
                0x000000000800208c       0xbc zephyr/arch/arch/arm/core/cortex_m/libarch__arm__core__cortex_m.a(fault.c.obj)
 .text.z_arm_fault
                0x0000000008002148      0x1a0 zephyr/arch/arch/arm/core/cortex_m/libarch__arm__core__cortex_m.a(fault.c.obj)
                0x0000000008002148                z_arm_fault
 .text.z_arm_fault_init
                0x00000000080022e8       0x18 zephyr/arch/arch/arm/core/cortex_m/libarch__arm__core__cortex_m.a(fault.c.obj)
                0x00000000080022e8                z_arm_fault_init
 .text.__fault  0x0000000008002300       0x14 zephyr/arch/arch/arm/core/cortex_m/libarch__arm__core__cortex_m.a(fault_s.S.obj)
                0x0000000008002300                z_arm_bus_fault
                0x0000000008002300                z_arm_usage_fault
                0x0000000008002300                z_arm_mpu_fault
                0x0000000008002300                z_arm_exc_spurious
                0x0000000008002300                z_arm_debug_monitor
                0x0000000008002300                z_arm_hard_fault
 .text._reset_section
                0x0000000008002314       0x34 zephyr/arch/arch/arm/core/cortex_m/libarch__arm__core__cortex_m.a(reset.S.obj)
                0x0000000008002314                z_arm_reset
                0x0000000008002314                __start
 .text.z_impl_k_thread_abort
                0x0000000008002348       0x2c zephyr/arch/arch/arm/core/cortex_m/libarch__arm__core__cortex_m.a(thread_abort.c.obj)
                0x0000000008002348                z_impl_k_thread_abort
 .text.z_arm_pendsv
                0x0000000008002374       0x54 zephyr/arch/arch/arm/core/cortex_m/libarch__arm__core__cortex_m.a(swap_helper.S.obj)
                0x0000000008002374                z_arm_pendsv
 .text.z_arm_svc
                0x00000000080023c8       0x24 zephyr/arch/arch/arm/core/cortex_m/libarch__arm__core__cortex_m.a(swap_helper.S.obj)
                0x00000000080023c8                z_arm_svc
 .text.arm_irq_enable
                0x00000000080023ec       0x1c zephyr/arch/arch/arm/core/cortex_m/libarch__arm__core__cortex_m.a(irq_manage.c.obj)
                0x00000000080023ec                arm_irq_enable
 .text.arm_irq_disable
                0x0000000008002408       0x28 zephyr/arch/arch/arm/core/cortex_m/libarch__arm__core__cortex_m.a(irq_manage.c.obj)
                0x0000000008002408                arm_irq_disable
 .text.arm_irq_priority_set
                0x0000000008002430       0x2c zephyr/arch/arch/arm/core/cortex_m/libarch__arm__core__cortex_m.a(irq_manage.c.obj)
                0x0000000008002430                arm_irq_priority_set
 .text.relocate_vector_table
                0x000000000800245c       0x1c zephyr/arch/arch/arm/core/cortex_m/libarch__arm__core__cortex_m.a(prep_c.c.obj)
                0x000000000800245c                relocate_vector_table
 .text.z_prep_c
                0x0000000008002478       0x38 zephyr/arch/arch/arm/core/cortex_m/libarch__arm__core__cortex_m.a(prep_c.c.obj)
                0x0000000008002478                z_prep_c
 .text.arch_new_thread
                0x00000000080024b0       0x38 zephyr/arch/arch/arm/core/cortex_m/libarch__arm__core__cortex_m.a(thread.c.obj)
                0x00000000080024b0                arch_new_thread
 .text.arch_switch_to_main_thread
                0x00000000080024e8       0x38 zephyr/arch/arch/arm/core/cortex_m/libarch__arm__core__cortex_m.a(thread.c.obj)
                0x00000000080024e8                arch_switch_to_main_thread
 .text.z_arm_cpu_idle_init
                0x0000000008002520        0xc zephyr/arch/arch/arm/core/cortex_m/libarch__arm__core__cortex_m.a(cpu_idle.c.obj)
                0x0000000008002520                z_arm_cpu_idle_init
 .text.z_arm_interrupt_init
                0x000000000800252c       0x18 zephyr/arch/arch/arm/core/cortex_m/libarch__arm__core__cortex_m.a(irq_init.c.obj)
                0x000000000800252c                z_arm_interrupt_init
 .text._isr_wrapper
                0x0000000008002544       0x24 zephyr/arch/arch/arm/core/cortex_m/libarch__arm__core__cortex_m.a(isr_wrapper.c.obj)
                0x0000000008002544                _isr_wrapper
 .text.z_impl_zephyr_fputc
                0x0000000008002568       0x10 zephyr/lib/libc/picolibc/liblib__libc__picolibc.a(stdio.c.obj)
                0x0000000008002568                z_impl_zephyr_fputc
 .text.__stdout_hook_install
                0x0000000008002578       0x18 zephyr/lib/libc/picolibc/liblib__libc__picolibc.a(stdio.c.obj)
                0x0000000008002578                __stdout_hook_install
 .text.malloc_prepare
                0x0000000008002590       0x24 zephyr/lib/libc/common/liblib__libc__common.a(malloc.c.obj)
 .text.stm32_exti_init
                0x00000000080025b4       0x3c zephyr/drivers/interrupt_controller/libdrivers__interrupt_controller.a(intc_exti_stm32.c.obj)
 .text.stm32_exti_is_pending
                0x00000000080025f0       0x28 zephyr/drivers/interrupt_controller/libdrivers__interrupt_controller.a(intc_exti_stm32.c.obj)
                0x00000000080025f0                stm32_exti_is_pending
 .text.stm32_exti_clear_pending
                0x0000000008002618       0x24 zephyr/drivers/interrupt_controller/libdrivers__interrupt_controller.a(intc_exti_stm32.c.obj)
                0x0000000008002618                stm32_exti_clear_pending
 .text.stm32_intc_gpio_isr
                0x000000000800263c       0x4c zephyr/drivers/interrupt_controller/libdrivers__interrupt_controller.a(intc_gpio_stm32.c.obj)
 .text.stm32_fill_irq_table.constprop.0
                0x0000000008002688        0xc zephyr/drivers/interrupt_controller/libdrivers__interrupt_controller.a(intc_gpio_stm32.c.obj)
 .text.stm32_gpio_intc_enable_line
                0x0000000008002694       0x30 zephyr/drivers/interrupt_controller/libdrivers__interrupt_controller.a(intc_gpio_stm32.c.obj)
                0x0000000008002694                stm32_gpio_intc_enable_line
 .text.stm32_gpio_intc_disable_line
                0x00000000080026c4       0x14 zephyr/drivers/interrupt_controller/libdrivers__interrupt_controller.a(intc_gpio_stm32.c.obj)
                0x00000000080026c4                stm32_gpio_intc_disable_line
 .text.stm32_gpio_intc_select_line_trigger
                0x00000000080026d8       0x50 zephyr/drivers/interrupt_controller/libdrivers__interrupt_controller.a(intc_gpio_stm32.c.obj)
                0x00000000080026d8                stm32_gpio_intc_select_line_trigger
 .text.stm32_gpio_intc_set_irq_callback
                0x0000000008002728       0x40 zephyr/drivers/interrupt_controller/libdrivers__interrupt_controller.a(intc_gpio_stm32.c.obj)
                0x0000000008002728                stm32_gpio_intc_set_irq_callback
 .text.stm32_gpio_intc_remove_irq_callback
                0x0000000008002768       0x24 zephyr/drivers/interrupt_controller/libdrivers__interrupt_controller.a(intc_gpio_stm32.c.obj)
                0x0000000008002768                stm32_gpio_intc_remove_irq_callback
 .text.stm32_exti_get_line_src_port
                0x000000000800278c       0x24 zephyr/drivers/interrupt_controller/libdrivers__interrupt_controller.a(intc_gpio_stm32.c.obj)
                0x000000000800278c                stm32_exti_get_line_src_port
 .text.usb_dc_stm32_get_ep_state
                0x00000000080027b0       0x28 zephyr/drivers/usb/device/libdrivers__usb__device.a(usb_dc_stm32.c.obj)
 .text.usb_dc_stm32_isr
                0x00000000080027d8        0xc zephyr/drivers/usb/device/libdrivers__usb__device.a(usb_dc_stm32.c.obj)
 .text.usb_dc_attach
                0x00000000080027e4      0x120 zephyr/drivers/usb/device/libdrivers__usb__device.a(usb_dc_stm32.c.obj)
                0x00000000080027e4                usb_dc_attach
 .text.usb_dc_set_status_callback
                0x0000000008002904        0xc zephyr/drivers/usb/device/libdrivers__usb__device.a(usb_dc_stm32.c.obj)
                0x0000000008002904                usb_dc_set_status_callback
 .text.usb_dc_set_address
                0x0000000008002910       0x1c zephyr/drivers/usb/device/libdrivers__usb__device.a(usb_dc_stm32.c.obj)
                0x0000000008002910                usb_dc_set_address
 .text.usb_dc_ep_start_read
                0x000000000800292c       0x40 zephyr/drivers/usb/device/libdrivers__usb__device.a(usb_dc_stm32.c.obj)
                0x000000000800292c                usb_dc_ep_start_read
 .text.usb_dc_ep_get_read_count
                0x000000000800296c       0x24 zephyr/drivers/usb/device/libdrivers__usb__device.a(usb_dc_stm32.c.obj)
                0x000000000800296c                usb_dc_ep_get_read_count
 .text.usb_dc_ep_set_stall
                0x0000000008002990       0x2c zephyr/drivers/usb/device/libdrivers__usb__device.a(usb_dc_stm32.c.obj)
                0x0000000008002990                usb_dc_ep_set_stall
 .text.usb_dc_ep_clear_stall
                0x00000000080029bc       0x34 zephyr/drivers/usb/device/libdrivers__usb__device.a(usb_dc_stm32.c.obj)
                0x00000000080029bc                usb_dc_ep_clear_stall
 .text.usb_dc_ep_enable
                0x00000000080029f0       0x48 zephyr/drivers/usb/device/libdrivers__usb__device.a(usb_dc_stm32.c.obj)
                0x00000000080029f0                usb_dc_ep_enable
 .text.usb_dc_ep_disable
                0x0000000008002a38       0x44 zephyr/drivers/usb/device/libdrivers__usb__device.a(usb_dc_stm32.c.obj)
                0x0000000008002a38                usb_dc_ep_disable
 .text.usb_dc_ep_write
                0x0000000008002a7c       0xa4 zephyr/drivers/usb/device/libdrivers__usb__device.a(usb_dc_stm32.c.obj)
                0x0000000008002a7c                usb_dc_ep_write
 .text.usb_dc_ep_read_wait
                0x0000000008002b20       0x60 zephyr/drivers/usb/device/libdrivers__usb__device.a(usb_dc_stm32.c.obj)
                0x0000000008002b20                usb_dc_ep_read_wait
 .text.usb_dc_ep_read_continue
                0x0000000008002b80       0x38 zephyr/drivers/usb/device/libdrivers__usb__device.a(usb_dc_stm32.c.obj)
                0x0000000008002b80                usb_dc_ep_read_continue
 .text.HAL_PCD_ResetCallback
                0x0000000008002bb8       0x44 zephyr/drivers/usb/device/libdrivers__usb__device.a(usb_dc_stm32.c.obj)
                0x0000000008002bb8                HAL_PCD_ResetCallback
 .text.HAL_PCD_ConnectCallback
                0x0000000008002bfc       0x14 zephyr/drivers/usb/device/libdrivers__usb__device.a(usb_dc_stm32.c.obj)
                0x0000000008002bfc                HAL_PCD_ConnectCallback
 .text.HAL_PCD_DisconnectCallback
                0x0000000008002c10       0x14 zephyr/drivers/usb/device/libdrivers__usb__device.a(usb_dc_stm32.c.obj)
                0x0000000008002c10                HAL_PCD_DisconnectCallback
 .text.HAL_PCD_SuspendCallback
                0x0000000008002c24       0x14 zephyr/drivers/usb/device/libdrivers__usb__device.a(usb_dc_stm32.c.obj)
                0x0000000008002c24                HAL_PCD_SuspendCallback
 .text.HAL_PCD_ResumeCallback
                0x0000000008002c38       0x14 zephyr/drivers/usb/device/libdrivers__usb__device.a(usb_dc_stm32.c.obj)
                0x0000000008002c38                HAL_PCD_ResumeCallback
 .text.HAL_PCD_SetupStageCallback
                0x0000000008002c4c       0x4c zephyr/drivers/usb/device/libdrivers__usb__device.a(usb_dc_stm32.c.obj)
                0x0000000008002c4c                HAL_PCD_SetupStageCallback
 .text.cache_instr_enable
                0x0000000008002c98       0x24 zephyr/drivers/cache/libdrivers__cache.a(cache_stm32.c.obj)
                0x0000000008002c98                cache_instr_enable
 .text.get_msis_frequency
                0x0000000008002cbc       0x40 zephyr/drivers/clock_control/libdrivers__clock_control.a(clock_stm32_ll_u5.c.obj)
 .text.stm32_clock_control_get_subsys_rate
                0x0000000008002cfc       0xe0 zephyr/drivers/clock_control/libdrivers__clock_control.a(clock_stm32_ll_u5.c.obj)
 .text.stm32_clock_control_init
                0x0000000008002ddc      0x294 zephyr/drivers/clock_control/libdrivers__clock_control.a(clock_stm32_ll_u5.c.obj)
                0x0000000008002ddc                stm32_clock_control_init
 .text.enabled_clock
                0x0000000008003070       0x20 zephyr/drivers/clock_control/libdrivers__clock_control.a(clock_stm32_ll_u5.c.obj)
                0x0000000008003070                enabled_clock
 .text.uart_console_init
                0x0000000008003090       0x28 zephyr/drivers/console/libdrivers__console.a(uart_console.c.obj)
 .text.console_out
                0x00000000080030b8       0x28 zephyr/drivers/console/libdrivers__console.a(uart_console.c.obj)
 .text.gpio_stm32_pin_interrupt_configure
                0x00000000080030e0       0xb0 zephyr/drivers/gpio/libdrivers__gpio.a(gpio_stm32.c.obj)
 .text.gpio_stm32_init
                0x0000000008003190       0x44 zephyr/drivers/gpio/libdrivers__gpio.a(gpio_stm32.c.obj)
 .text.z_impl_hwinfo_get_device_id
                0x00000000080031d4       0x38 zephyr/drivers/hwinfo/libdrivers__hwinfo.a(hwinfo_stm32.c.obj)
                0x00000000080031d4                z_impl_hwinfo_get_device_id
 .text.pinctrl_configure_pins
                0x000000000800320c       0x84 zephyr/drivers/pinctrl/libdrivers__pinctrl.a(pinctrl_stm32.c.obj)
                0x000000000800320c                pinctrl_configure_pins
 .text.uart_stm32_irq_err_enable
                0x0000000008003290       0x90 zephyr/drivers/serial/libdrivers__serial.a(uart_stm32.c.obj)
 .text.uart_stm32_irq_err_disable
                0x0000000008003320       0x90 zephyr/drivers/serial/libdrivers__serial.a(uart_stm32.c.obj)
 .text.uart_stm32_cfg2ll_stopbits
                0x00000000080033b0       0x4c zephyr/drivers/serial/libdrivers__serial.a(uart_stm32.c.obj)
 .text.lpuartdiv_calc
                0x00000000080033fc       0x30 zephyr/drivers/serial/libdrivers__serial.a(uart_stm32.c.obj)
                0x00000000080033fc                lpuartdiv_calc
 .text.uart_stm32_set_baudrate
                0x000000000800342c       0xcc zephyr/drivers/serial/libdrivers__serial.a(uart_stm32.c.obj)
 .text.uart_stm32_configure
                0x00000000080034f8      0x134 zephyr/drivers/serial/libdrivers__serial.a(uart_stm32.c.obj)
 .text.uart_stm32_init
                0x000000000800362c      0x1a4 zephyr/drivers/serial/libdrivers__serial.a(uart_stm32.c.obj)
 .text.elapsed  0x00000000080037d0       0x4c zephyr/drivers/timer/libdrivers__timer.a(cortex_m_systick.c.obj)
 .text.sys_clock_driver_init
                0x000000000800381c       0x38 zephyr/drivers/timer/libdrivers__timer.a(cortex_m_systick.c.obj)
 .text.sys_clock_isr
                0x0000000008003854       0x60 zephyr/drivers/timer/libdrivers__timer.a(cortex_m_systick.c.obj)
                0x0000000008003854                sys_clock_isr
 .text.sys_clock_set_timeout
                0x00000000080038b4       0xfc zephyr/drivers/timer/libdrivers__timer.a(cortex_m_systick.c.obj)
                0x00000000080038b4                sys_clock_set_timeout
 .text.sys_clock_elapsed
                0x00000000080039b0       0x3c zephyr/drivers/timer/libdrivers__timer.a(cortex_m_systick.c.obj)
                0x00000000080039b0                sys_clock_elapsed
 .text.HAL_RCC_GetSysClockFreq
                0x00000000080039ec      0x144 modules/hal_stm32/stm32cube/lib..__modules__hal__stm32__stm32cube.a(stm32u5xx_hal_rcc.c.obj)
                0x00000000080039ec                HAL_RCC_GetSysClockFreq
 .text.HAL_RCC_GetHCLKFreq
                0x0000000008003b30       0x28 modules/hal_stm32/stm32cube/lib..__modules__hal__stm32__stm32cube.a(stm32u5xx_hal_rcc.c.obj)
                0x0000000008003b30                HAL_RCC_GetHCLKFreq
 .text.HAL_PCD_Init
                0x0000000008003b58       0xf0 modules/hal_stm32/stm32cube/lib..__modules__hal__stm32__stm32cube.a(stm32u5xx_hal_pcd.c.obj)
                0x0000000008003b58                HAL_PCD_Init
 .text.HAL_PCD_IRQHandler
                0x0000000008003c48      0x6d8 modules/hal_stm32/stm32cube/lib..__modules__hal__stm32__stm32cube.a(stm32u5xx_hal_pcd.c.obj)
                0x0000000008003c48                HAL_PCD_IRQHandler
 .text.USB_SetTurnaroundTime
                0x0000000008004320       0xe0 modules/hal_stm32/stm32cube/lib..__modules__hal__stm32__stm32cube.a(stm32u5xx_ll_usb.c.obj)
                0x0000000008004320                USB_SetTurnaroundTime
 .text.USB_DevInit
                0x0000000008004400      0x16c modules/hal_stm32/stm32cube/lib..__modules__hal__stm32__stm32cube.a(stm32u5xx_ll_usb.c.obj)
                0x0000000008004400                USB_DevInit
 .text.USB_DeactivateEndpoint
                0x000000000800456c       0xc0 modules/hal_stm32/stm32cube/lib..__modules__hal__stm32__stm32cube.a(stm32u5xx_ll_usb.c.obj)
                0x000000000800456c                USB_DeactivateEndpoint
 .text.USB_EPStartXfer
                0x000000000800462c      0x1c8 modules/hal_stm32/stm32cube/lib..__modules__hal__stm32__stm32cube.a(stm32u5xx_ll_usb.c.obj)
                0x000000000800462c                USB_EPStartXfer
 .text.USB_EP0_OutStart
                0x00000000080047f4       0x4c modules/hal_stm32/stm32cube/lib..__modules__hal__stm32__stm32cube.a(stm32u5xx_ll_usb.c.obj)
                0x00000000080047f4                USB_EP0_OutStart
 .text.LL_SetFlashLatency
                0x0000000008004840      0x104 modules/hal_stm32/stm32cube/lib..__modules__hal__stm32__stm32cube.a(stm32u5xx_ll_utils.c.obj)
                0x0000000008004840                LL_SetFlashLatency
 .text.z_fatal_error
                0x0000000008004944       0x30 zephyr/kernel/libkernel.a(fatal.c.obj)
                0x0000000008004944                z_fatal_error
 .text.z_sys_init_run_level
                0x0000000008004974       0x30 zephyr/kernel/libkernel.a(init.c.obj)
 .text.bg_thread_main
                0x00000000080049a4       0xc0 zephyr/kernel/libkernel.a(init.c.obj)
 .text.z_init_cpu
                0x0000000008004a64       0x68 zephyr/kernel/libkernel.a(init.c.obj)
                0x0000000008004a64                z_init_cpu
 .text.z_cstart
                0x0000000008004acc       0xbc zephyr/kernel/libkernel.a(init.c.obj)
                0x0000000008004acc                z_cstart
 .text.z_impl_k_mutex_lock
                0x0000000008004b88       0xf0 zephyr/kernel/libkernel.a(mutex.c.obj)
                0x0000000008004b88                z_impl_k_mutex_lock
 .text.z_impl_k_mutex_unlock
                0x0000000008004c78       0xa0 zephyr/kernel/libkernel.a(mutex.c.obj)
                0x0000000008004c78                z_impl_k_mutex_unlock
 .text.z_impl_k_sem_give
                0x0000000008004d18       0x68 zephyr/kernel/libkernel.a(sem.c.obj)
                0x0000000008004d18                z_impl_k_sem_give
 .text.z_impl_k_sem_take
                0x0000000008004d80       0x4c zephyr/kernel/libkernel.a(sem.c.obj)
                0x0000000008004d80                z_impl_k_sem_take
 .text.work_queue_main
                0x0000000008004dcc      0x144 zephyr/kernel/libkernel.a(work.c.obj)
 .text.submit_to_queue_locked
                0x0000000008004f10       0xb0 zephyr/kernel/libkernel.a(work.c.obj)
 .text.k_work_queue_start
                0x0000000008004fc0       0x7c zephyr/kernel/libkernel.a(work.c.obj)
                0x0000000008004fc0                k_work_queue_start
 .text.k_work_schedule_for_queue
                0x000000000800503c       0x54 zephyr/kernel/libkernel.a(work.c.obj)
                0x000000000800503c                k_work_schedule_for_queue
 .text.z_setup_new_thread
                0x0000000008005090       0x70 zephyr/kernel/libkernel.a(thread.c.obj)
                0x0000000008005090                z_setup_new_thread
 .text.z_impl_k_thread_create
                0x0000000008005100       0x58 zephyr/kernel/libkernel.a(thread.c.obj)
                0x0000000008005100                z_impl_k_thread_create
 .text.z_dummy_thread_init
                0x0000000008005158       0x14 zephyr/kernel/libkernel.a(thread.c.obj)
                0x0000000008005158                z_dummy_thread_init
 .text.z_swap_irqlock
                0x000000000800516c       0x30 zephyr/kernel/libkernel.a(sched.c.obj)
 .text.ready_thread
                0x000000000800519c       0x84 zephyr/kernel/libkernel.a(sched.c.obj)
 .text.unready_thread
                0x0000000008005220       0x54 zephyr/kernel/libkernel.a(sched.c.obj)
 .text.add_thread_timeout
                0x0000000008005274       0x1c zephyr/kernel/libkernel.a(sched.c.obj)
 .text.move_current_to_end_of_prio_q
                0x0000000008005290       0x70 zephyr/kernel/libkernel.a(sched.c.obj)
                0x0000000008005290                move_current_to_end_of_prio_q
 .text.z_pend_curr
                0x0000000008005300       0x44 zephyr/kernel/libkernel.a(sched.c.obj)
                0x0000000008005300                z_pend_curr
 .text.z_thread_prio_set
                0x0000000008005344       0xe4 zephyr/kernel/libkernel.a(sched.c.obj)
                0x0000000008005344                z_thread_prio_set
 .text.z_reschedule
                0x0000000008005428       0x24 zephyr/kernel/libkernel.a(sched.c.obj)
                0x0000000008005428                z_reschedule
 .text.z_reschedule_irqlock
                0x000000000800544c       0x28 zephyr/kernel/libkernel.a(sched.c.obj)
                0x000000000800544c                z_reschedule_irqlock
 .text.k_sched_lock
                0x0000000008005474       0x28 zephyr/kernel/libkernel.a(sched.c.obj)
                0x0000000008005474                k_sched_lock
 .text.k_sched_unlock
                0x000000000800549c       0x68 zephyr/kernel/libkernel.a(sched.c.obj)
                0x000000000800549c                k_sched_unlock
 .text.z_sched_init
                0x0000000008005504       0x10 zephyr/kernel/libkernel.a(sched.c.obj)
                0x0000000008005504                z_sched_init
 .text.z_impl_k_yield
                0x0000000008005514       0x88 zephyr/kernel/libkernel.a(sched.c.obj)
                0x0000000008005514                z_impl_k_yield
 .text.z_tick_sleep
                0x000000000800559c       0x78 zephyr/kernel/libkernel.a(sched.c.obj)
 .text.z_impl_k_wakeup
                0x0000000008005614       0x48 zephyr/kernel/libkernel.a(sched.c.obj)
                0x0000000008005614                z_impl_k_wakeup
 .text.z_impl_k_sched_current_thread_query
                0x000000000800565c        0xc zephyr/kernel/libkernel.a(sched.c.obj)
                0x000000000800565c                z_impl_k_sched_current_thread_query
 .text.z_thread_abort
                0x0000000008005668      0x140 zephyr/kernel/libkernel.a(sched.c.obj)
                0x0000000008005668                z_thread_abort
 .text.z_sched_wait
                0x00000000080057a8       0x24 zephyr/kernel/libkernel.a(sched.c.obj)
                0x00000000080057a8                z_sched_wait
 .text.slice_timeout
                0x00000000080057cc       0x20 zephyr/kernel/libkernel.a(timeslicing.c.obj)
 .text.thread_is_sliceable
                0x00000000080057ec       0x3c zephyr/kernel/libkernel.a(timeslicing.c.obj)
                0x00000000080057ec                thread_is_sliceable
 .text.z_reset_time_slice
                0x0000000008005828       0x50 zephyr/kernel/libkernel.a(timeslicing.c.obj)
                0x0000000008005828                z_reset_time_slice
 .text.z_time_slice
                0x0000000008005878       0x5c zephyr/kernel/libkernel.a(timeslicing.c.obj)
                0x0000000008005878                z_time_slice
 .text.first    0x00000000080058d4       0x10 zephyr/kernel/libkernel.a(timeout.c.obj)
 .text.elapsed  0x00000000080058e4       0x14 zephyr/kernel/libkernel.a(timeout.c.obj)
 .text.remove_timeout
                0x00000000080058f8       0x38 zephyr/kernel/libkernel.a(timeout.c.obj)
 .text.z_add_timeout
                0x0000000008005930      0x120 zephyr/kernel/libkernel.a(timeout.c.obj)
                0x0000000008005930                z_add_timeout
 .text.sys_clock_announce
                0x0000000008005a50       0xbc zephyr/kernel/libkernel.a(timeout.c.obj)
                0x0000000008005a50                sys_clock_announce
 .text.sys_clock_tick_get
                0x0000000008005b0c       0x30 zephyr/kernel/libkernel.a(timeout.c.obj)
                0x0000000008005b0c                sys_clock_tick_get
 .text.boot_banner
                0x0000000008005b3c        0xc zephyr/kernel/libkernel.a(banner.c.obj)
                0x0000000008005b3c                boot_banner
 .text.k_sys_work_q_init
                0x0000000008005b48       0x2c zephyr/kernel/libkernel.a(system_work_q.c.obj)
 .text.printf   0x0000000008005b74       0x24 /home/sathvik/zephyr-sdk-0.17.4/arm-zephyr-eabi/bin/../lib/gcc/../../picolibc/arm-zephyr-eabi/lib/thumb/v8-m.main/nofp/libc.a(libc_tinystdio_printf.c.o)
                0x0000000008005b74                printf
 .text.puts     0x0000000008005b98       0x40 /home/sathvik/zephyr-sdk-0.17.4/arm-zephyr-eabi/bin/../lib/gcc/../../picolibc/arm-zephyr-eabi/lib/thumb/v8-m.main/nofp/libc.a(libc_tinystdio_puts.c.o)
                0x0000000008005b98                puts
 .text.__l_vfprintf
                0x0000000008005bd8      0x4b4 /home/sathvik/zephyr-sdk-0.17.4/arm-zephyr-eabi/bin/../lib/gcc/../../picolibc/arm-zephyr-eabi/lib/thumb/v8-m.main/nofp/libc.a(libc_tinystdio_vflprintf.c.o)
                0x0000000008005bd8                __l_vfprintf
 .text._OffsetAbsSyms
                0x000000000800608c        0x2 zephyr/CMakeFiles/offsets.dir/./arch/arm/core/offsets/offsets.c.obj
                0x000000000800608c                _OffsetAbsSyms
 .text.chunk_field
                0x000000000800608e       0x16 zephyr/libzephyr.a(heap.c.obj)
 .text.chunk_set
                0x00000000080060a4       0x16 zephyr/libzephyr.a(heap.c.obj)
 .text.chunk_size
                0x00000000080060ba        0xc zephyr/libzephyr.a(heap.c.obj)
 .text.set_chunk_used
                0x00000000080060c6       0x30 zephyr/libzephyr.a(heap.c.obj)
 .text.set_chunk_size
                0x00000000080060f6        0x8 zephyr/libzephyr.a(heap.c.obj)
 .text.bucket_idx
                0x00000000080060fe       0x1e zephyr/libzephyr.a(heap.c.obj)
 .text.free_list_add
                0x000000000800611c       0x84 zephyr/libzephyr.a(heap.c.obj)
 .text.sys_heap_init
                0x00000000080061a0       0xb0 zephyr/libzephyr.a(heap.c.obj)
                0x00000000080061a0                sys_heap_init
 .text.arch_printk_char_out
                0x0000000008006250        0x4 zephyr/libzephyr.a(printk.c.obj)
                0x0000000008006250                arch_printk_char_out
 .text.printk   0x0000000008006254       0x1a zephyr/libzephyr.a(printk.c.obj)
                0x0000000008006254                printk
 .text.ring_buf_area_claim
                0x000000000800626e       0x30 zephyr/libzephyr.a(ring_buffer.c.obj)
                0x000000000800626e                ring_buf_area_claim
 .text.ring_buf_put_claim
                0x000000000800629e       0x1e zephyr/libzephyr.a(ring_buffer.c.obj)
 .text.ring_buf_get_claim
                0x00000000080062bc       0x1e zephyr/libzephyr.a(ring_buffer.c.obj)
 .text.ring_buf_area_finish
                0x00000000080062da       0x32 zephyr/libzephyr.a(ring_buffer.c.obj)
                0x00000000080062da                ring_buf_area_finish
 .text.ring_buf_put
                0x000000000800630c       0x40 zephyr/libzephyr.a(ring_buffer.c.obj)
                0x000000000800630c                ring_buf_put
 .text.ring_buf_get
                0x000000000800634c       0x44 zephyr/libzephyr.a(ring_buffer.c.obj)
                0x000000000800634c                ring_buf_get
 .text._ConfigAbsSyms
                0x0000000008006390        0x2 zephyr/libzephyr.a(configs.c.obj)
                0x0000000008006390                _ConfigAbsSyms
 .text.HAL_Delay
                0x0000000008006392       0x16 zephyr/libzephyr.a(stm32cube_hal.c.obj)
                0x0000000008006392                HAL_Delay
 .text.get_ep_bm_from_addr
                0x00000000080063a8       0x1e zephyr/libzephyr.a(usb_device.c.obj)
 .text.usb_write
                0x00000000080063c6       0x30 zephyr/libzephyr.a(usb_device.c.obj)
                0x00000000080063c6                usb_write
 .text.usb_device_init
                0x00000000080063f6        0x6 zephyr/libzephyr.a(usb_device.c.obj)
 .text.usb_get_dev_data_by_cfg
                0x00000000080063fc       0x16 zephyr/libzephyr.a(usb_descriptor.c.obj)
                0x00000000080063fc                usb_get_dev_data_by_cfg
 .text.usb_get_dev_data_by_iface
                0x0000000008006412       0x1a zephyr/libzephyr.a(usb_descriptor.c.obj)
                0x0000000008006412                usb_get_dev_data_by_iface
 .text.usb_get_dev_data_by_ep
                0x000000000800642c       0x2c zephyr/libzephyr.a(usb_descriptor.c.obj)
                0x000000000800642c                usb_get_dev_data_by_ep
 .text.usb_transfer_is_busy
                0x0000000008006458       0x16 zephyr/libzephyr.a(usb_transfer.c.obj)
                0x0000000008006458                usb_transfer_is_busy
 .text.cdc_interface_config
                0x000000000800646e       0x14 zephyr/libzephyr.a(cdc_acm.c.obj)
 .text.cdc_acm_irq_callback_work_handler
                0x0000000008006482        0xa zephyr/libzephyr.a(cdc_acm.c.obj)
 .text.cdc_acm_irq_tx_disable
                0x000000000800648c        0xa zephyr/libzephyr.a(cdc_acm.c.obj)
 .text.cdc_acm_irq_tx_ready
                0x0000000008006496       0x20 zephyr/libzephyr.a(cdc_acm.c.obj)
 .text.cdc_acm_irq_rx_disable
                0x00000000080064b6        0xa zephyr/libzephyr.a(cdc_acm.c.obj)
 .text.cdc_acm_irq_rx_ready
                0x00000000080064c0        0xe zephyr/libzephyr.a(cdc_acm.c.obj)
 .text.cdc_acm_irq_is_pending
                0x00000000080064ce       0x1c zephyr/libzephyr.a(cdc_acm.c.obj)
 .text.cdc_acm_irq_callback_set
                0x00000000080064ea        0x8 zephyr/libzephyr.a(cdc_acm.c.obj)
 .text.cdc_acm_configure
                0x00000000080064f2       0x18 zephyr/libzephyr.a(cdc_acm.c.obj)
 .text.cdc_acm_config_get
                0x000000000800650a       0x5c zephyr/libzephyr.a(cdc_acm.c.obj)
 .text.cdc_acm_fifo_read
                0x0000000008006566       0x48 zephyr/libzephyr.a(cdc_acm.c.obj)
 .text.cdc_acm_poll_in
                0x00000000080065ae       0x12 zephyr/libzephyr.a(cdc_acm.c.obj)
 .text.cdc_acm_irq_update
                0x00000000080065c0       0x30 zephyr/libzephyr.a(cdc_acm.c.obj)
 .text.arch_early_memset
                0x00000000080065f0        0x4 zephyr/arch/common/libarch__common.a(init.c.obj)
                0x00000000080065f0                arch_early_memset
 .text.arch_early_memcpy
                0x00000000080065f4        0x4 zephyr/arch/common/libarch__common.a(init.c.obj)
                0x00000000080065f4                arch_early_memcpy
 .text.z_do_kernel_oops
                0x00000000080065f8        0x8 zephyr/arch/arch/arm/core/libarch__arm__core.a(fatal.c.obj)
                0x00000000080065f8                z_do_kernel_oops
 .text.z_arm_nmi
                0x0000000008006600        0xe zephyr/arch/arch/arm/core/libarch__arm__core.a(nmi.c.obj)
                0x0000000008006600                z_arm_nmi
 .text.z_irq_spurious
                0x000000000800660e        0x8 zephyr/arch/arch/arm/core/cortex_m/libarch__arm__core__cortex_m.a(irq_manage.c.obj)
                0x000000000800660e                z_irq_spurious
 .text.arch_coprocessors_disable
                0x0000000008006616        0x6 zephyr/arch/arch/arm/core/cortex_m/libarch__arm__core__cortex_m.a(thread.c.obj)
                0x0000000008006616                arch_coprocessors_disable
 .text.arch_irq_unlock_outlined
                0x000000000800661c        0xe zephyr/arch/arch/arm/core/cortex_m/libarch__arm__core__cortex_m.a(thread.c.obj)
                0x000000000800661c                arch_irq_unlock_outlined
 .text.arch_cpu_idle
                0x000000000800662a       0x1a zephyr/arch/arch/arm/core/cortex_m/libarch__arm__core__cortex_m.a(cpu_idle.c.obj)
                0x000000000800662a                arch_cpu_idle
 .text.picolibc_put
                0x0000000008006644        0xa zephyr/lib/libc/picolibc/liblib__libc__picolibc.a(stdio.c.obj)
 .text.stm32_exti_gpio_intc_init
                0x000000000800664e      0x126 zephyr/drivers/interrupt_controller/libdrivers__interrupt_controller.a(intc_gpio_stm32.c.obj)
 .text.stm32_gpio_intc_get_pin_irq_line
                0x0000000008006774        0xa zephyr/drivers/interrupt_controller/libdrivers__interrupt_controller.a(intc_gpio_stm32.c.obj)
                0x0000000008006774                stm32_gpio_intc_get_pin_irq_line
 .text.stm32_exti_set_line_src_port
                0x000000000800677e       0x26 zephyr/drivers/interrupt_controller/libdrivers__interrupt_controller.a(intc_gpio_stm32.c.obj)
                0x000000000800677e                stm32_exti_set_line_src_port
 .text.usb_dc_ep_set_callback
                0x00000000080067a4       0x16 zephyr/drivers/usb/device/libdrivers__usb__device.a(usb_dc_stm32.c.obj)
                0x00000000080067a4                usb_dc_ep_set_callback
 .text.usb_dc_ep_check_cap
                0x00000000080067ba       0x20 zephyr/drivers/usb/device/libdrivers__usb__device.a(usb_dc_stm32.c.obj)
                0x00000000080067ba                usb_dc_ep_check_cap
 .text.usb_dc_ep_configure
                0x00000000080067da       0x2a zephyr/drivers/usb/device/libdrivers__usb__device.a(usb_dc_stm32.c.obj)
                0x00000000080067da                usb_dc_ep_configure
 .text.usb_dc_ep_is_stalled
                0x0000000008006804       0x1a zephyr/drivers/usb/device/libdrivers__usb__device.a(usb_dc_stm32.c.obj)
                0x0000000008006804                usb_dc_ep_is_stalled
 .text.usb_dc_ep_read
                0x000000000800681e       0x1c zephyr/drivers/usb/device/libdrivers__usb__device.a(usb_dc_stm32.c.obj)
                0x000000000800681e                usb_dc_ep_read
 .text.usb_dc_ep_mps
                0x000000000800683a       0x12 zephyr/drivers/usb/device/libdrivers__usb__device.a(usb_dc_stm32.c.obj)
                0x000000000800683a                usb_dc_ep_mps
 .text.HAL_PCD_DataOutStageCallback
                0x000000000800684c       0x2c zephyr/drivers/usb/device/libdrivers__usb__device.a(usb_dc_stm32.c.obj)
                0x000000000800684c                HAL_PCD_DataOutStageCallback
 .text.HAL_PCD_DataInStageCallback
                0x0000000008006878       0x24 zephyr/drivers/usb/device/libdrivers__usb__device.a(usb_dc_stm32.c.obj)
                0x0000000008006878                HAL_PCD_DataInStageCallback
 .text.HAL_PCD_ISOINIncompleteCallback
                0x000000000800689c       0x14 zephyr/drivers/usb/device/libdrivers__usb__device.a(usb_dc_stm32.c.obj)
                0x000000000800689c                HAL_PCD_ISOINIncompleteCallback
 .text.stm32_clock_control_on
                0x00000000080068b0       0x44 zephyr/drivers/clock_control/libdrivers__clock_control.a(clock_stm32_ll_u5.c.obj)
 .text.stm32_clock_control_off
                0x00000000080068f4       0x2c zephyr/drivers/clock_control/libdrivers__clock_control.a(clock_stm32_ll_u5.c.obj)
 .text.stm32_clock_control_configure
                0x0000000008006920       0x58 zephyr/drivers/clock_control/libdrivers__clock_control.a(clock_stm32_ll_u5.c.obj)
 .text.stm32_clock_control_get_status
                0x0000000008006978       0x38 zephyr/drivers/clock_control/libdrivers__clock_control.a(clock_stm32_ll_u5.c.obj)
 .text.gpio_stm32_port_get_raw
                0x00000000080069b0        0xc zephyr/drivers/gpio/libdrivers__gpio.a(gpio_stm32.c.obj)
 .text.gpio_stm32_port_set_masked_raw
                0x00000000080069bc       0x12 zephyr/drivers/gpio/libdrivers__gpio.a(gpio_stm32.c.obj)
 .text.gpio_stm32_port_set_bits_raw
                0x00000000080069ce        0xa zephyr/drivers/gpio/libdrivers__gpio.a(gpio_stm32.c.obj)
 .text.gpio_stm32_port_clear_bits_raw
                0x00000000080069d8        0xa zephyr/drivers/gpio/libdrivers__gpio.a(gpio_stm32.c.obj)
 .text.gpio_stm32_port_toggle_bits
                0x00000000080069e2        0xe zephyr/drivers/gpio/libdrivers__gpio.a(gpio_stm32.c.obj)
 .text.gpio_stm32_manage_callback
                0x00000000080069f0       0x52 zephyr/drivers/gpio/libdrivers__gpio.a(gpio_stm32.c.obj)
 .text.gpio_stm32_configure_raw.isra.0
                0x0000000008006a42      0x106 zephyr/drivers/gpio/libdrivers__gpio.a(gpio_stm32.c.obj)
 .text.gpio_stm32_config
                0x0000000008006b48       0xd4 zephyr/drivers/gpio/libdrivers__gpio.a(gpio_stm32.c.obj)
 .text.gpio_stm32_isr
                0x0000000008006c1c       0x2c zephyr/drivers/gpio/libdrivers__gpio.a(gpio_stm32.c.obj)
 .text.gpio_stm32_configure
                0x0000000008006c48       0x2a zephyr/drivers/gpio/libdrivers__gpio.a(gpio_stm32.c.obj)
                0x0000000008006c48                gpio_stm32_configure
 .text.pinctrl_lookup_state
                0x0000000008006c72       0x26 zephyr/drivers/pinctrl/libdrivers__pinctrl.a(common.c.obj)
                0x0000000008006c72                pinctrl_lookup_state
 .text.reset_stm32_status
                0x0000000008006c98       0x20 zephyr/drivers/reset/libdrivers__reset.a(reset_stm32.c.obj)
 .text.reset_stm32_line_assert
                0x0000000008006cb8       0x1c zephyr/drivers/reset/libdrivers__reset.a(reset_stm32.c.obj)
 .text.reset_stm32_line_deassert
                0x0000000008006cd4       0x1e zephyr/drivers/reset/libdrivers__reset.a(reset_stm32.c.obj)
 .text.reset_stm32_line_toggle
                0x0000000008006cf2       0x16 zephyr/drivers/reset/libdrivers__reset.a(reset_stm32.c.obj)
 .text.uart_stm32_ll2cfg_databits
                0x0000000008006d08       0x2a zephyr/drivers/serial/libdrivers__serial.a(uart_stm32.c.obj)
 .text.uart_stm32_err_check
                0x0000000008006d32       0x5a zephyr/drivers/serial/libdrivers__serial.a(uart_stm32.c.obj)
 .text.uart_stm32_irq_tx_enable
                0x0000000008006d8c       0x16 zephyr/drivers/serial/libdrivers__serial.a(uart_stm32.c.obj)
 .text.uart_stm32_irq_tx_disable
                0x0000000008006da2       0x16 zephyr/drivers/serial/libdrivers__serial.a(uart_stm32.c.obj)
 .text.uart_stm32_irq_rx_enable
                0x0000000008006db8       0x16 zephyr/drivers/serial/libdrivers__serial.a(uart_stm32.c.obj)
 .text.uart_stm32_irq_rx_disable
                0x0000000008006dce       0x16 zephyr/drivers/serial/libdrivers__serial.a(uart_stm32.c.obj)
 .text.uart_stm32_irq_rx_ready
                0x0000000008006de4        0xc zephyr/drivers/serial/libdrivers__serial.a(uart_stm32.c.obj)
 .text.uart_stm32_irq_update
                0x0000000008006df0        0x4 zephyr/drivers/serial/libdrivers__serial.a(uart_stm32.c.obj)
 .text.uart_stm32_irq_callback_set
                0x0000000008006df4        0x8 zephyr/drivers/serial/libdrivers__serial.a(uart_stm32.c.obj)
 .text.uart_stm32_isr
                0x0000000008006dfc        0xc zephyr/drivers/serial/libdrivers__serial.a(uart_stm32.c.obj)
 .text.uart_stm32_irq_config_func_0
                0x0000000008006e08       0x16 zephyr/drivers/serial/libdrivers__serial.a(uart_stm32.c.obj)
 .text.uart_stm32_irq_tx_complete
                0x0000000008006e1e        0xc zephyr/drivers/serial/libdrivers__serial.a(uart_stm32.c.obj)
 .text.uart_stm32_irq_tx_ready
                0x0000000008006e2a       0x14 zephyr/drivers/serial/libdrivers__serial.a(uart_stm32.c.obj)
 .text.uart_stm32_config_get
                0x0000000008006e3e       0x92 zephyr/drivers/serial/libdrivers__serial.a(uart_stm32.c.obj)
 .text.uart_stm32_fifo_fill
                0x0000000008006ed0       0x58 zephyr/drivers/serial/libdrivers__serial.a(uart_stm32.c.obj)
 .text.uart_stm32_poll_out
                0x0000000008006f28       0x36 zephyr/drivers/serial/libdrivers__serial.a(uart_stm32.c.obj)
 .text.uart_stm32_irq_is_pending
                0x0000000008006f5e       0x24 zephyr/drivers/serial/libdrivers__serial.a(uart_stm32.c.obj)
 .text.uart_stm32_fifo_read
                0x0000000008006f82       0x42 zephyr/drivers/serial/libdrivers__serial.a(uart_stm32.c.obj)
 .text.uart_stm32_poll_in
                0x0000000008006fc4       0x20 zephyr/drivers/serial/libdrivers__serial.a(uart_stm32.c.obj)
 .text.uart_stm32_parameters_set
                0x0000000008006fe4      0x14a zephyr/drivers/serial/libdrivers__serial.a(uart_stm32.c.obj)
 .text.HAL_PCD_MspInit
                0x000000000800712e        0x2 modules/hal_stm32/stm32cube/lib..__modules__hal__stm32__stm32cube.a(stm32u5xx_hal_pcd.c.obj)
                0x000000000800712e                HAL_PCD_MspInit
 .text.HAL_PCD_Start
                0x0000000008007130       0x3a modules/hal_stm32/stm32cube/lib..__modules__hal__stm32__stm32cube.a(stm32u5xx_hal_pcd.c.obj)
                0x0000000008007130                HAL_PCD_Start
 .text.HAL_PCD_Stop
                0x000000000800716a       0x42 modules/hal_stm32/stm32cube/lib..__modules__hal__stm32__stm32cube.a(stm32u5xx_hal_pcd.c.obj)
                0x000000000800716a                HAL_PCD_Stop
 .text.HAL_PCD_SOFCallback
                0x00000000080071ac        0x2 modules/hal_stm32/stm32cube/lib..__modules__hal__stm32__stm32cube.a(stm32u5xx_hal_pcd.c.obj)
                0x00000000080071ac                HAL_PCD_SOFCallback
 .text.HAL_PCD_ISOOUTIncompleteCallback
                0x00000000080071ae        0x2 modules/hal_stm32/stm32cube/lib..__modules__hal__stm32__stm32cube.a(stm32u5xx_hal_pcd.c.obj)
                0x00000000080071ae                HAL_PCD_ISOOUTIncompleteCallback
 .text.HAL_PCD_SetAddress
                0x00000000080071b0       0x26 modules/hal_stm32/stm32cube/lib..__modules__hal__stm32__stm32cube.a(stm32u5xx_hal_pcd.c.obj)
                0x00000000080071b0                HAL_PCD_SetAddress
 .text.HAL_PCD_EP_Open
                0x00000000080071d6       0x72 modules/hal_stm32/stm32cube/lib..__modules__hal__stm32__stm32cube.a(stm32u5xx_hal_pcd.c.obj)
                0x00000000080071d6                HAL_PCD_EP_Open
 .text.HAL_PCD_EP_Close
                0x0000000008007248       0x5c modules/hal_stm32/stm32cube/lib..__modules__hal__stm32__stm32cube.a(stm32u5xx_hal_pcd.c.obj)
                0x0000000008007248                HAL_PCD_EP_Close
 .text.HAL_PCD_EP_Receive
                0x00000000080072a4       0x3c modules/hal_stm32/stm32cube/lib..__modules__hal__stm32__stm32cube.a(stm32u5xx_hal_pcd.c.obj)
                0x00000000080072a4                HAL_PCD_EP_Receive
 .text.HAL_PCD_EP_GetRxCount
                0x00000000080072e0       0x10 modules/hal_stm32/stm32cube/lib..__modules__hal__stm32__stm32cube.a(stm32u5xx_hal_pcd.c.obj)
                0x00000000080072e0                HAL_PCD_EP_GetRxCount
 .text.HAL_PCD_EP_Transmit
                0x00000000080072f0       0x34 modules/hal_stm32/stm32cube/lib..__modules__hal__stm32__stm32cube.a(stm32u5xx_hal_pcd.c.obj)
                0x00000000080072f0                HAL_PCD_EP_Transmit
 .text.HAL_PCD_EP_SetStall
                0x0000000008007324       0x6e modules/hal_stm32/stm32cube/lib..__modules__hal__stm32__stm32cube.a(stm32u5xx_hal_pcd.c.obj)
                0x0000000008007324                HAL_PCD_EP_SetStall
 .text.HAL_PCD_EP_ClrStall
                0x0000000008007392       0x6a modules/hal_stm32/stm32cube/lib..__modules__hal__stm32__stm32cube.a(stm32u5xx_hal_pcd.c.obj)
                0x0000000008007392                HAL_PCD_EP_ClrStall
 .text.HAL_PCD_EP_Abort
                0x00000000080073fc       0x20 modules/hal_stm32/stm32cube/lib..__modules__hal__stm32__stm32cube.a(stm32u5xx_hal_pcd.c.obj)
                0x00000000080073fc                HAL_PCD_EP_Abort
 .text.HAL_PCDEx_SetTxFiFo
                0x000000000800741c       0x3e modules/hal_stm32/stm32cube/lib..__modules__hal__stm32__stm32cube.a(stm32u5xx_hal_pcd_ex.c.obj)
                0x000000000800741c                HAL_PCDEx_SetTxFiFo
 .text.HAL_PCDEx_SetRxFiFo
                0x000000000800745a        0x8 modules/hal_stm32/stm32cube/lib..__modules__hal__stm32__stm32cube.a(stm32u5xx_hal_pcd_ex.c.obj)
                0x000000000800745a                HAL_PCDEx_SetRxFiFo
 .text.HAL_PCDEx_ActivateLPM
                0x0000000008007462       0x26 modules/hal_stm32/stm32cube/lib..__modules__hal__stm32__stm32cube.a(stm32u5xx_hal_pcd_ex.c.obj)
                0x0000000008007462                HAL_PCDEx_ActivateLPM
 .text.HAL_PCDEx_LPM_Callback
                0x0000000008007488        0x2 modules/hal_stm32/stm32cube/lib..__modules__hal__stm32__stm32cube.a(stm32u5xx_hal_pcd_ex.c.obj)
                0x0000000008007488                HAL_PCDEx_LPM_Callback
 .text.USB_CoreInit
                0x000000000800748a       0x7c modules/hal_stm32/stm32cube/lib..__modules__hal__stm32__stm32cube.a(stm32u5xx_ll_usb.c.obj)
                0x000000000800748a                USB_CoreInit
 .text.USB_EnableGlobalInt
                0x0000000008007506        0xc modules/hal_stm32/stm32cube/lib..__modules__hal__stm32__stm32cube.a(stm32u5xx_ll_usb.c.obj)
                0x0000000008007506                USB_EnableGlobalInt
 .text.USB_DisableGlobalInt
                0x0000000008007512        0xc modules/hal_stm32/stm32cube/lib..__modules__hal__stm32__stm32cube.a(stm32u5xx_ll_usb.c.obj)
                0x0000000008007512                USB_DisableGlobalInt
 .text.USB_SetCurrentMode
                0x000000000800751e       0x5c modules/hal_stm32/stm32cube/lib..__modules__hal__stm32__stm32cube.a(stm32u5xx_ll_usb.c.obj)
                0x000000000800751e                USB_SetCurrentMode
 .text.USB_FlushTxFifo
                0x000000000800757a       0x46 modules/hal_stm32/stm32cube/lib..__modules__hal__stm32__stm32cube.a(stm32u5xx_ll_usb.c.obj)
                0x000000000800757a                USB_FlushTxFifo
 .text.USB_FlushRxFifo
                0x00000000080075c0       0x42 modules/hal_stm32/stm32cube/lib..__modules__hal__stm32__stm32cube.a(stm32u5xx_ll_usb.c.obj)
                0x00000000080075c0                USB_FlushRxFifo
 .text.USB_SetDevSpeed
                0x0000000008007602        0xe modules/hal_stm32/stm32cube/lib..__modules__hal__stm32__stm32cube.a(stm32u5xx_ll_usb.c.obj)
                0x0000000008007602                USB_SetDevSpeed
 .text.USB_GetDevSpeed
                0x0000000008007610       0x16 modules/hal_stm32/stm32cube/lib..__modules__hal__stm32__stm32cube.a(stm32u5xx_ll_usb.c.obj)
                0x0000000008007610                USB_GetDevSpeed
 .text.USB_ActivateEndpoint
                0x0000000008007626       0x7e modules/hal_stm32/stm32cube/lib..__modules__hal__stm32__stm32cube.a(stm32u5xx_ll_usb.c.obj)
                0x0000000008007626                USB_ActivateEndpoint
 .text.USB_EPStopXfer
                0x00000000080076a4      0x10a modules/hal_stm32/stm32cube/lib..__modules__hal__stm32__stm32cube.a(stm32u5xx_ll_usb.c.obj)
                0x00000000080076a4                USB_EPStopXfer
 .text.USB_EPSetStall
                0x00000000080077ae       0x56 modules/hal_stm32/stm32cube/lib..__modules__hal__stm32__stm32cube.a(stm32u5xx_ll_usb.c.obj)
                0x00000000080077ae                USB_EPSetStall
 .text.USB_EPClearStall
                0x0000000008007804       0x52 modules/hal_stm32/stm32cube/lib..__modules__hal__stm32__stm32cube.a(stm32u5xx_ll_usb.c.obj)
                0x0000000008007804                USB_EPClearStall
 .text.USB_WritePacket
                0x0000000008007856       0x26 modules/hal_stm32/stm32cube/lib..__modules__hal__stm32__stm32cube.a(stm32u5xx_ll_usb.c.obj)
                0x0000000008007856                USB_WritePacket
 .text.USB_ReadPacket
                0x000000000800787c       0x40 modules/hal_stm32/stm32cube/lib..__modules__hal__stm32__stm32cube.a(stm32u5xx_ll_usb.c.obj)
                0x000000000800787c                USB_ReadPacket
 .text.USB_SetDevAddress
                0x00000000080078bc       0x20 modules/hal_stm32/stm32cube/lib..__modules__hal__stm32__stm32cube.a(stm32u5xx_ll_usb.c.obj)
                0x00000000080078bc                USB_SetDevAddress
 .text.USB_DevConnect
                0x00000000080078dc       0x1c modules/hal_stm32/stm32cube/lib..__modules__hal__stm32__stm32cube.a(stm32u5xx_ll_usb.c.obj)
                0x00000000080078dc                USB_DevConnect
 .text.USB_DevDisconnect
                0x00000000080078f8       0x1c modules/hal_stm32/stm32cube/lib..__modules__hal__stm32__stm32cube.a(stm32u5xx_ll_usb.c.obj)
                0x00000000080078f8                USB_DevDisconnect
 .text.USB_ReadInterrupts
                0x0000000008007914        0x8 modules/hal_stm32/stm32cube/lib..__modules__hal__stm32__stm32cube.a(stm32u5xx_ll_usb.c.obj)
                0x0000000008007914                USB_ReadInterrupts
 .text.USB_ReadDevAllOutEpInterrupt
                0x000000000800791c       0x10 modules/hal_stm32/stm32cube/lib..__modules__hal__stm32__stm32cube.a(stm32u5xx_ll_usb.c.obj)
                0x000000000800791c                USB_ReadDevAllOutEpInterrupt
 .text.USB_ReadDevAllInEpInterrupt
                0x000000000800792c       0x10 modules/hal_stm32/stm32cube/lib..__modules__hal__stm32__stm32cube.a(stm32u5xx_ll_usb.c.obj)
                0x000000000800792c                USB_ReadDevAllInEpInterrupt
 .text.USB_ReadDevOutEPInterrupt
                0x000000000800793c       0x12 modules/hal_stm32/stm32cube/lib..__modules__hal__stm32__stm32cube.a(stm32u5xx_ll_usb.c.obj)
                0x000000000800793c                USB_ReadDevOutEPInterrupt
 .text.USB_ReadDevInEPInterrupt
                0x000000000800794e       0x22 modules/hal_stm32/stm32cube/lib..__modules__hal__stm32__stm32cube.a(stm32u5xx_ll_usb.c.obj)
                0x000000000800794e                USB_ReadDevInEPInterrupt
 .text.USB_GetMode
                0x0000000008007970        0x8 modules/hal_stm32/stm32cube/lib..__modules__hal__stm32__stm32cube.a(stm32u5xx_ll_usb.c.obj)
                0x0000000008007970                USB_GetMode
 .text.USB_ActivateSetup
                0x0000000008007978       0x20 modules/hal_stm32/stm32cube/lib..__modules__hal__stm32__stm32cube.a(stm32u5xx_ll_usb.c.obj)
                0x0000000008007978                USB_ActivateSetup
 .text.do_device_init
                0x0000000008007998       0x30 zephyr/kernel/libkernel.a(device.c.obj)
                0x0000000008007998                do_device_init
 .text.z_impl_device_is_ready
                0x00000000080079c8       0x16 zephyr/kernel/libkernel.a(device.c.obj)
                0x00000000080079c8                z_impl_device_is_ready
 .text.arch_system_halt
                0x00000000080079de       0x10 zephyr/kernel/libkernel.a(fatal.c.obj)
                0x00000000080079de                arch_system_halt
 .text.k_sys_fatal_error_handler
                0x00000000080079ee        0x6 zephyr/kernel/libkernel.a(fatal.c.obj)
                0x00000000080079ee                k_sys_fatal_error_handler
 .text.idle     0x00000000080079f4       0x16 zephyr/kernel/libkernel.a(idle.c.obj)
                0x00000000080079f4                idle
 .text.adjust_owner_prio.isra.0
                0x0000000008007a0a       0x10 zephyr/kernel/libkernel.a(mutex.c.obj)
 .text.z_impl_k_sem_init
                0x0000000008007a1a       0x18 zephyr/kernel/libkernel.a(sem.c.obj)
                0x0000000008007a1a                z_impl_k_sem_init
 .text.flag_test_and_clear
                0x0000000008007a32       0x16 zephyr/kernel/libkernel.a(work.c.obj)
 .text.notify_queue_locked.isra.0
                0x0000000008007a48        0xe zephyr/kernel/libkernel.a(work.c.obj)
 .text.work_timeout
                0x0000000008007a56       0x3c zephyr/kernel/libkernel.a(work.c.obj)
 .text.k_work_init
                0x0000000008007a92       0x12 zephyr/kernel/libkernel.a(work.c.obj)
                0x0000000008007a92                k_work_init
 .text.z_work_submit_to_queue
                0x0000000008007aa4       0x26 zephyr/kernel/libkernel.a(work.c.obj)
                0x0000000008007aa4                z_work_submit_to_queue
 .text.k_work_submit_to_queue
                0x0000000008007aca       0x20 zephyr/kernel/libkernel.a(work.c.obj)
                0x0000000008007aca                k_work_submit_to_queue
 .text.k_work_init_delayable
                0x0000000008007aea       0x18 zephyr/kernel/libkernel.a(work.c.obj)
                0x0000000008007aea                k_work_init_delayable
 .text.k_is_in_isr
                0x0000000008007b02        0xc zephyr/kernel/libkernel.a(thread.c.obj)
                0x0000000008007b02                k_is_in_isr
 .text.z_impl_k_thread_name_set
                0x0000000008007b0e        0x6 zephyr/kernel/libkernel.a(thread.c.obj)
                0x0000000008007b0e                z_impl_k_thread_name_set
 .text.sys_dlist_remove
                0x0000000008007b14       0x10 zephyr/kernel/libkernel.a(sched.c.obj)
 .text.unpend_thread_no_timeout
                0x0000000008007b24       0x14 zephyr/kernel/libkernel.a(sched.c.obj)
 .text.add_to_waitq_locked
                0x0000000008007b38       0x50 zephyr/kernel/libkernel.a(sched.c.obj)
 .text.z_ready_thread
                0x0000000008007b88       0x1e zephyr/kernel/libkernel.a(sched.c.obj)
                0x0000000008007b88                z_ready_thread
 .text.z_sched_wake_thread
                0x0000000008007ba6       0x3a zephyr/kernel/libkernel.a(sched.c.obj)
                0x0000000008007ba6                z_sched_wake_thread
 .text.z_thread_timeout
                0x0000000008007be0        0x8 zephyr/kernel/libkernel.a(sched.c.obj)
                0x0000000008007be0                z_thread_timeout
 .text.z_impl_k_sleep
                0x0000000008007be8       0x3e zephyr/kernel/libkernel.a(sched.c.obj)
                0x0000000008007be8                z_impl_k_sleep
 .text.z_impl_k_usleep
                0x0000000008007c26       0x22 zephyr/kernel/libkernel.a(sched.c.obj)
                0x0000000008007c26                z_impl_k_usleep
 .text.z_sched_wake
                0x0000000008007c48       0x44 zephyr/kernel/libkernel.a(sched.c.obj)
                0x0000000008007c48                z_sched_wake
 .text.next_timeout
                0x0000000008007c8c       0x2e zephyr/kernel/libkernel.a(timeout.c.obj)
 .text.z_abort_timeout
                0x0000000008007cba       0x50 zephyr/kernel/libkernel.a(timeout.c.obj)
                0x0000000008007cba                z_abort_timeout
 .text.sys_clock_tick_get_32
                0x0000000008007d0a        0x8 zephyr/kernel/libkernel.a(timeout.c.obj)
                0x0000000008007d0a                sys_clock_tick_get_32
 .text.memcpy   0x0000000008007d12       0x1a /home/sathvik/zephyr-sdk-0.17.4/arm-zephyr-eabi/bin/../lib/gcc/../../picolibc/arm-zephyr-eabi/lib/thumb/v8-m.main/nofp/libc.a(memcpy.c.o)
                0x0000000008007d12                memcpy
                0x0000000008007d12                __aeabi_memcpy
                0x0000000008007d12                __aeabi_memcpy4
                0x0000000008007d12                __aeabi_memcpy8
 .text.memset   0x0000000008007d2c       0x10 /home/sathvik/zephyr-sdk-0.17.4/arm-zephyr-eabi/bin/../lib/gcc/../../picolibc/arm-zephyr-eabi/lib/thumb/v8-m.main/nofp/libc.a(memset.c.o)
                0x0000000008007d2c                memset
 .text.strnlen  0x0000000008007d3c       0x18 /home/sathvik/zephyr-sdk-0.17.4/arm-zephyr-eabi/bin/../lib/gcc/../../picolibc/arm-zephyr-eabi/lib/thumb/v8-m.main/nofp/libc.a(libc_string_strnlen.c.o)
                0x0000000008007d3c                strnlen
 .text.fflush   0x0000000008007d54        0xa /home/sathvik/zephyr-sdk-0.17.4/arm-zephyr-eabi/bin/../lib/gcc/../../picolibc/arm-zephyr-eabi/lib/thumb/v8-m.main/nofp/libc.a(libc_tinystdio_fflush.c.o)
                0x0000000008007d54                fflush
 .text.__ultoa_invert
                0x0000000008007d5e       0xac /home/sathvik/zephyr-sdk-0.17.4/arm-zephyr-eabi/bin/../lib/gcc/../../picolibc/arm-zephyr-eabi/lib/thumb/v8-m.main/nofp/libc.a(libc_tinystdio_vflprintf.c.o)
 *(SORT_BY_ALIGNMENT(.TEXT.*))
 *fill*         0x0000000008007e0a        0x2 
 .TEXT.__aeabi_read_tp
                0x0000000008007e0c        0xc zephyr/arch/arch/arm/core/cortex_m/libarch__arm__core__cortex_m.a(__aeabi_read_tp.S.obj)
                0x0000000008007e0c                __aeabi_read_tp
 *(SORT_BY_ALIGNMENT(.gnu.linkonce.t.*))
 *(SORT_BY_ALIGNMENT(.glue_7t))
 .glue_7t       0x0000000008007e18        0x0 linker stubs
 *(SORT_BY_ALIGNMENT(.glue_7))
 .glue_7        0x0000000008007e18        0x0 linker stubs
 *(SORT_BY_ALIGNMENT(.vfp11_veneer))
 .vfp11_veneer  0x0000000008007e18        0x0 linker stubs
 *(SORT_BY_ALIGNMENT(.v4_bx))
 .v4_bx         0x0000000008007e18        0x0 linker stubs
                0x0000000008007e18                . = ALIGN (0x4)
                0x0000000008007e18                __text_region_end = .

.ARM.exidx      0x0000000008007e18        0x8
                0x0000000008007e18                __exidx_start = .
 *(SORT_BY_ALIGNMENT(.ARM.exidx*) SORT_BY_ALIGNMENT(gnu.linkonce.armexidx.*))
 .ARM.exidx     0x0000000008007e18        0x8 /home/sathvik/zephyr-sdk-0.17.4/arm-zephyr-eabi/bin/../lib/gcc/arm-zephyr-eabi/12.2.0/thumb/v8-m.main/nofp/libgcc.a(_udivmoddi4.o)
                0x0000000008007e20                __exidx_end = .
                0x0000000008007e20                __rodata_region_start = .

initlevel       0x0000000008007e20       0xb0
                0x0000000008007e20                __init_start = .
                0x0000000008007e20                __init_EARLY_start = .
 *(SORT_BY_NAME(SORT_BY_ALIGNMENT(.z_init_EARLY_P_?_*)))
 *(SORT_BY_NAME(SORT_BY_ALIGNMENT(.z_init_EARLY_P_??_*)))
 *(SORT_BY_NAME(SORT_BY_ALIGNMENT(.z_init_EARLY_P_???_*)))
                0x0000000008007e20                __init_PRE_KERNEL_1_start = .
 *(SORT_BY_NAME(SORT_BY_ALIGNMENT(.z_init_PRE_KERNEL_1_P_?_*)))
 .z_init_PRE_KERNEL_1_P_1_SUB_00008_
                0x0000000008007e20        0x8 zephyr/drivers/clock_control/libdrivers__clock_control.a(clock_stm32_ll_u5.c.obj)
 .z_init_PRE_KERNEL_1_P_1_SUB_0_
                0x0000000008007e28        0x8 zephyr/libzephyr.a(soc_config.c.obj)
 *(SORT_BY_NAME(SORT_BY_ALIGNMENT(.z_init_PRE_KERNEL_1_P_??_*)))
 .z_init_PRE_KERNEL_1_P_35_SUB_00058_
                0x0000000008007e30        0x8 zephyr/drivers/reset/libdrivers__reset.a(reset_stm32.c.obj)
 .z_init_PRE_KERNEL_1_P_40_SUB_00057_
                0x0000000008007e38        0x8 zephyr/drivers/gpio/libdrivers__gpio.a(gpio_stm32.c.obj)
 .z_init_PRE_KERNEL_1_P_40_SUB_00060_
                0x0000000008007e40        0x8 zephyr/drivers/interrupt_controller/libdrivers__interrupt_controller.a(intc_exti_stm32.c.obj)
 .z_init_PRE_KERNEL_1_P_40_SUB_00105_
                0x0000000008007e48        0x8 zephyr/drivers/gpio/libdrivers__gpio.a(gpio_stm32.c.obj)
 .z_init_PRE_KERNEL_1_P_40_SUB_00106_
                0x0000000008007e50        0x8 zephyr/drivers/gpio/libdrivers__gpio.a(gpio_stm32.c.obj)
 .z_init_PRE_KERNEL_1_P_40_SUB_00107_
                0x0000000008007e58        0x8 zephyr/drivers/gpio/libdrivers__gpio.a(gpio_stm32.c.obj)
 .z_init_PRE_KERNEL_1_P_40_SUB_00108_
                0x0000000008007e60        0x8 zephyr/drivers/gpio/libdrivers__gpio.a(gpio_stm32.c.obj)
 .z_init_PRE_KERNEL_1_P_40_SUB_00109_
                0x0000000008007e68        0x8 zephyr/drivers/gpio/libdrivers__gpio.a(gpio_stm32.c.obj)
 .z_init_PRE_KERNEL_1_P_40_SUB_00110_
                0x0000000008007e70        0x8 zephyr/drivers/gpio/libdrivers__gpio.a(gpio_stm32.c.obj)
 .z_init_PRE_KERNEL_1_P_40_SUB_00111_
                0x0000000008007e78        0x8 zephyr/drivers/gpio/libdrivers__gpio.a(gpio_stm32.c.obj)
 .z_init_PRE_KERNEL_1_P_40_SUB_00112_
                0x0000000008007e80        0x8 zephyr/drivers/gpio/libdrivers__gpio.a(gpio_stm32.c.obj)
 .z_init_PRE_KERNEL_1_P_40_SUB_0_
                0x0000000008007e88        0x8 zephyr/drivers/interrupt_controller/libdrivers__interrupt_controller.a(intc_gpio_stm32.c.obj)
 .z_init_PRE_KERNEL_1_P_50_SUB_00076_
                0x0000000008007e90        0x8 zephyr/drivers/serial/libdrivers__serial.a(uart_stm32.c.obj)
 .z_init_PRE_KERNEL_1_P_50_SUB_00104_
                0x0000000008007e98        0x8 zephyr/libzephyr.a(cdc_acm.c.obj)
 .z_init_PRE_KERNEL_1_P_60_SUB_0_
                0x0000000008007ea0        0x8 zephyr/drivers/console/libdrivers__console.a(uart_console.c.obj)
 *(SORT_BY_NAME(SORT_BY_ALIGNMENT(.z_init_PRE_KERNEL_1_P_???_*)))
                0x0000000008007ea8                __init_PRE_KERNEL_2_start = .
 *(SORT_BY_NAME(SORT_BY_ALIGNMENT(.z_init_PRE_KERNEL_2_P_?_*)))
 .z_init_PRE_KERNEL_2_P_0_SUB_0_
                0x0000000008007ea8        0x8 zephyr/drivers/timer/libdrivers__timer.a(cortex_m_systick.c.obj)
 *(SORT_BY_NAME(SORT_BY_ALIGNMENT(.z_init_PRE_KERNEL_2_P_??_*)))
 *(SORT_BY_NAME(SORT_BY_ALIGNMENT(.z_init_PRE_KERNEL_2_P_???_*)))
                0x0000000008007eb0                __init_POST_KERNEL_start = .
 *(SORT_BY_NAME(SORT_BY_ALIGNMENT(.z_init_POST_KERNEL_P_?_*)))
 *(SORT_BY_NAME(SORT_BY_ALIGNMENT(.z_init_POST_KERNEL_P_??_*)))
 .z_init_POST_KERNEL_P_35_SUB_0_
                0x0000000008007eb0        0x8 zephyr/lib/libc/common/liblib__libc__common.a(malloc.c.obj)
 .z_init_POST_KERNEL_P_40_SUB_0_
                0x0000000008007eb8        0x8 zephyr/libzephyr.a(usb_work_q.c.obj)
 .z_init_POST_KERNEL_P_40_SUB_0_
                0x0000000008007ec0        0x8 zephyr/kernel/libkernel.a(system_work_q.c.obj)
 .z_init_POST_KERNEL_P_90_SUB_0_
                0x0000000008007ec8        0x8 zephyr/libzephyr.a(usb_device.c.obj)
 *(SORT_BY_NAME(SORT_BY_ALIGNMENT(.z_init_POST_KERNEL_P_???_*)))
                0x0000000008007ed0                __init_APPLICATION_start = .
 *(SORT_BY_NAME(SORT_BY_ALIGNMENT(.z_init_APPLICATION_P_?_*)))
 *(SORT_BY_NAME(SORT_BY_ALIGNMENT(.z_init_APPLICATION_P_??_*)))
 *(SORT_BY_NAME(SORT_BY_ALIGNMENT(.z_init_APPLICATION_P_???_*)))
                0x0000000008007ed0                __init_SMP_start = .
 *(SORT_BY_NAME(SORT_BY_ALIGNMENT(.z_init_SMP_P_?_*)))
 *(SORT_BY_NAME(SORT_BY_ALIGNMENT(.z_init_SMP_P_??_*)))
 *(SORT_BY_NAME(SORT_BY_ALIGNMENT(.z_init_SMP_P_???_*)))
                0x0000000008007ed0                __init_end = .

device_area     0x0000000008007ed0      0x188
                0x0000000008007ed0                _device_list_start = .
 *(SORT_BY_NAME(SORT_BY_ALIGNMENT(._device.static.*_?_*)))
 ._device.static.1_1_
                0x0000000008007ed0       0x1c zephyr/drivers/clock_control/libdrivers__clock_control.a(clock_stm32_ll_u5.c.obj)
                0x0000000008007ed0                __device_dts_ord_8
 *(SORT_BY_NAME(SORT_BY_ALIGNMENT(._device.static.*_??_*)))
 ._device.static.1_35_
                0x0000000008007eec       0x1c zephyr/drivers/reset/libdrivers__reset.a(reset_stm32.c.obj)
                0x0000000008007eec                __device_dts_ord_58
 ._device.static.1_40_
                0x0000000008007f08       0x1c zephyr/drivers/interrupt_controller/libdrivers__interrupt_controller.a(intc_exti_stm32.c.obj)
                0x0000000008007f08                __device_dts_ord_60
 ._device.static.1_40_
                0x0000000008007f24       0xfc zephyr/drivers/gpio/libdrivers__gpio.a(gpio_stm32.c.obj)
                0x0000000008007f24                __device_dts_ord_57
                0x0000000008007f40                __device_dts_ord_107
                0x0000000008007f5c                __device_dts_ord_106
                0x0000000008007f78                __device_dts_ord_108
                0x0000000008007f94                __device_dts_ord_112
                0x0000000008007fb0                __device_dts_ord_105
                0x0000000008007fcc                __device_dts_ord_111
                0x0000000008007fe8                __device_dts_ord_110
                0x0000000008008004                __device_dts_ord_109
 ._device.static.1_50_
                0x0000000008008020       0x1c zephyr/libzephyr.a(cdc_acm.c.obj)
                0x0000000008008020                __device_dts_ord_104
 ._device.static.1_50_
                0x000000000800803c       0x1c zephyr/drivers/serial/libdrivers__serial.a(uart_stm32.c.obj)
                0x000000000800803c                __device_dts_ord_76
 *(SORT_BY_NAME(SORT_BY_ALIGNMENT(._device.static.*_???_*)))
 *(SORT_BY_NAME(SORT_BY_ALIGNMENT(._device.static.*_????_*)))
 *(SORT_BY_NAME(SORT_BY_ALIGNMENT(._device.static.*_?????_*)))
                0x0000000008008058                _device_list_end = .

sw_isr_table    0x0000000008008058      0x3e8
                0x0000000008008058                . = ALIGN (0x4)
 *(SORT_BY_ALIGNMENT(.gnu.linkonce.sw_isr_table*))
 .gnu.linkonce.sw_isr_table
                0x0000000008008058      0x3e8 zephyr/arch/common/libisr_tables.a(isr_tables.c.obj)
                0x0000000008008058                _sw_isr_table

initlevel_error
                0x0000000008007e20        0x0
 *(SORT_BY_NAME(SORT_BY_ALIGNMENT(.z_init_*)))
                0x0000000000000001                ASSERT ((SIZEOF (initlevel_error) == 0x0), Undefined initialization levels used.)

app_shmem_regions
                0x0000000008008440        0x0
                0x0000000008008440                __app_shmem_regions_start = .
 *(SORT_BY_NAME(SORT_BY_ALIGNMENT(.app_regions.*)))
                0x0000000008008440                __app_shmem_regions_end = .

k_p4wq_initparam_area
                0x0000000008008440        0x0
                0x0000000008008440                _k_p4wq_initparam_list_start = .
 *(SORT_BY_NAME(SORT_BY_ALIGNMENT(._k_p4wq_initparam.static.*)))
                0x0000000008008440                _k_p4wq_initparam_list_end = .

_static_thread_data_area
                0x0000000008008440        0x0
                0x0000000008008440                __static_thread_data_list_start = .
 *(SORT_BY_NAME(SORT_BY_ALIGNMENT(.__static_thread_data.static.*)))
                0x0000000008008440                __static_thread_data_list_end = .

device_deps     0x0000000008008440        0x0
                0x0000000008008440                __device_deps_start = .
 *(SORT_BY_NAME(SORT_BY_ALIGNMENT(.__device_deps_pass2*)))
                0x0000000008008440                __device_deps_end = .

gpio_driver_api_area
                0x0000000008008440       0x24
                0x0000000008008440                _gpio_driver_api_list_start = .
 *(SORT_BY_NAME(SORT_BY_ALIGNMENT(._gpio_driver_api.static.*)))
 ._gpio_driver_api.static.gpio_stm32_driver_
                0x0000000008008440       0x24 zephyr/drivers/gpio/libdrivers__gpio.a(gpio_stm32.c.obj)
                0x0000000008008464                _gpio_driver_api_list_end = .

reset_driver_api_area
                0x0000000008008464       0x10
                0x0000000008008464                _reset_driver_api_list_start = .
 *(SORT_BY_NAME(SORT_BY_ALIGNMENT(._reset_driver_api.static.*)))
 ._reset_driver_api.static.reset_stm32_driver_api_
                0x0000000008008464       0x10 zephyr/drivers/reset/libdrivers__reset.a(reset_stm32.c.obj)
                0x0000000008008474                _reset_driver_api_list_end = .

shared_irq_driver_api_area
                0x0000000008008474        0x0
                0x0000000008008474                _shared_irq_driver_api_list_start = .
 *(SORT_BY_NAME(SORT_BY_ALIGNMENT(._shared_irq_driver_api.static.*)))
                0x0000000008008474                _shared_irq_driver_api_list_end = .

crypto_driver_api_area
                0x0000000008008474        0x0
                0x0000000008008474                _crypto_driver_api_list_start = .
 *(SORT_BY_NAME(SORT_BY_ALIGNMENT(._crypto_driver_api.static.*)))
                0x0000000008008474                _crypto_driver_api_list_end = .

adc_driver_api_area
                0x0000000008008474        0x0
                0x0000000008008474                _adc_driver_api_list_start = .
 *(SORT_BY_NAME(SORT_BY_ALIGNMENT(._adc_driver_api.static.*)))
                0x0000000008008474                _adc_driver_api_list_end = .

auxdisplay_driver_api_area
                0x0000000008008474        0x0
                0x0000000008008474                _auxdisplay_driver_api_list_start = .
 *(SORT_BY_NAME(SORT_BY_ALIGNMENT(._auxdisplay_driver_api.static.*)))
                0x0000000008008474                _auxdisplay_driver_api_list_end = .

bbram_driver_api_area
                0x0000000008008474        0x0
                0x0000000008008474                _bbram_driver_api_list_start = .
 *(SORT_BY_NAME(SORT_BY_ALIGNMENT(._bbram_driver_api.static.*)))
                0x0000000008008474                _bbram_driver_api_list_end = .

bt_hci_driver_api_area
                0x0000000008008474        0x0
                0x0000000008008474                _bt_hci_driver_api_list_start = .
 *(SORT_BY_NAME(SORT_BY_ALIGNMENT(._bt_hci_driver_api.static.*)))
                0x0000000008008474                _bt_hci_driver_api_list_end = .

can_driver_api_area
                0x0000000008008474        0x0
                0x0000000008008474                _can_driver_api_list_start = .
 *(SORT_BY_NAME(SORT_BY_ALIGNMENT(._can_driver_api.static.*)))
                0x0000000008008474                _can_driver_api_list_end = .

cellular_driver_api_area
                0x0000000008008474        0x0
                0x0000000008008474                _cellular_driver_api_list_start = .
 *(SORT_BY_NAME(SORT_BY_ALIGNMENT(._cellular_driver_api.static.*)))
                0x0000000008008474                _cellular_driver_api_list_end = .

charger_driver_api_area
                0x0000000008008474        0x0
                0x0000000008008474                _charger_driver_api_list_start = .
 *(SORT_BY_NAME(SORT_BY_ALIGNMENT(._charger_driver_api.static.*)))
                0x0000000008008474                _charger_driver_api_list_end = .

clock_control_driver_api_area
                0x0000000008008474       0x1c
                0x0000000008008474                _clock_control_driver_api_list_start = .
 *(SORT_BY_NAME(SORT_BY_ALIGNMENT(._clock_control_driver_api.static.*)))
 ._clock_control_driver_api.static.stm32_clock_control_api_
                0x0000000008008474       0x1c zephyr/drivers/clock_control/libdrivers__clock_control.a(clock_stm32_ll_u5.c.obj)
                0x0000000008008490                _clock_control_driver_api_list_end = .

comparator_driver_api_area
                0x0000000008008490        0x0
                0x0000000008008490                _comparator_driver_api_list_start = .
 *(SORT_BY_NAME(SORT_BY_ALIGNMENT(._comparator_driver_api.static.*)))
                0x0000000008008490                _comparator_driver_api_list_end = .

coredump_driver_api_area
                0x0000000008008490        0x0
                0x0000000008008490                _coredump_driver_api_list_start = .
 *(SORT_BY_NAME(SORT_BY_ALIGNMENT(._coredump_driver_api.static.*)))
                0x0000000008008490                _coredump_driver_api_list_end = .

counter_driver_api_area
                0x0000000008008490        0x0
                0x0000000008008490                _counter_driver_api_list_start = .
 *(SORT_BY_NAME(SORT_BY_ALIGNMENT(._counter_driver_api.static.*)))
                0x0000000008008490                _counter_driver_api_list_end = .

crc_driver_api_area
                0x0000000008008490        0x0
                0x0000000008008490                _crc_driver_api_list_start = .
 *(SORT_BY_NAME(SORT_BY_ALIGNMENT(._crc_driver_api.static.*)))
                0x0000000008008490                _crc_driver_api_list_end = .

dac_driver_api_area
                0x0000000008008490        0x0
                0x0000000008008490                _dac_driver_api_list_start = .
 *(SORT_BY_NAME(SORT_BY_ALIGNMENT(._dac_driver_api.static.*)))
                0x0000000008008490                _dac_driver_api_list_end = .

dai_driver_api_area
                0x0000000008008490        0x0
                0x0000000008008490                _dai_driver_api_list_start = .
 *(SORT_BY_NAME(SORT_BY_ALIGNMENT(._dai_driver_api.static.*)))
                0x0000000008008490                _dai_driver_api_list_end = .

display_driver_api_area
                0x0000000008008490        0x0
                0x0000000008008490                _display_driver_api_list_start = .
 *(SORT_BY_NAME(SORT_BY_ALIGNMENT(._display_driver_api.static.*)))
                0x0000000008008490                _display_driver_api_list_end = .

dma_driver_api_area
                0x0000000008008490        0x0
                0x0000000008008490                _dma_driver_api_list_start = .
 *(SORT_BY_NAME(SORT_BY_ALIGNMENT(._dma_driver_api.static.*)))
                0x0000000008008490                _dma_driver_api_list_end = .

edac_driver_api_area
                0x0000000008008490        0x0
                0x0000000008008490                _edac_driver_api_list_start = .
 *(SORT_BY_NAME(SORT_BY_ALIGNMENT(._edac_driver_api.static.*)))
                0x0000000008008490                _edac_driver_api_list_end = .

eeprom_driver_api_area
                0x0000000008008490        0x0
                0x0000000008008490                _eeprom_driver_api_list_start = .
 *(SORT_BY_NAME(SORT_BY_ALIGNMENT(._eeprom_driver_api.static.*)))
                0x0000000008008490                _eeprom_driver_api_list_end = .

emul_bbram_driver_api_area
                0x0000000008008490        0x0
                0x0000000008008490                _emul_bbram_driver_api_list_start = .
 *(SORT_BY_NAME(SORT_BY_ALIGNMENT(._emul_bbram_driver_api.static.*)))
                0x0000000008008490                _emul_bbram_driver_api_list_end = .

fuel_gauge_emul_driver_api_area
                0x0000000008008490        0x0
                0x0000000008008490                _fuel_gauge_emul_driver_api_list_start = .
 *(SORT_BY_NAME(SORT_BY_ALIGNMENT(._fuel_gauge_emul_driver_api.static.*)))
                0x0000000008008490                _fuel_gauge_emul_driver_api_list_end = .

emul_sensor_driver_api_area
                0x0000000008008490        0x0
                0x0000000008008490                _emul_sensor_driver_api_list_start = .
 *(SORT_BY_NAME(SORT_BY_ALIGNMENT(._emul_sensor_driver_api.static.*)))
                0x0000000008008490                _emul_sensor_driver_api_list_end = .

entropy_driver_api_area
                0x0000000008008490        0x0
                0x0000000008008490                _entropy_driver_api_list_start = .
 *(SORT_BY_NAME(SORT_BY_ALIGNMENT(._entropy_driver_api.static.*)))
                0x0000000008008490                _entropy_driver_api_list_end = .

espi_driver_api_area
                0x0000000008008490        0x0
                0x0000000008008490                _espi_driver_api_list_start = .
 *(SORT_BY_NAME(SORT_BY_ALIGNMENT(._espi_driver_api.static.*)))
                0x0000000008008490                _espi_driver_api_list_end = .

espi_saf_driver_api_area
                0x0000000008008490        0x0
                0x0000000008008490                _espi_saf_driver_api_list_start = .
 *(SORT_BY_NAME(SORT_BY_ALIGNMENT(._espi_saf_driver_api.static.*)))
                0x0000000008008490                _espi_saf_driver_api_list_end = .

flash_driver_api_area
                0x0000000008008490        0x0
                0x0000000008008490                _flash_driver_api_list_start = .
 *(SORT_BY_NAME(SORT_BY_ALIGNMENT(._flash_driver_api.static.*)))
                0x0000000008008490                _flash_driver_api_list_end = .

fpga_driver_api_area
                0x0000000008008490        0x0
                0x0000000008008490                _fpga_driver_api_list_start = .
 *(SORT_BY_NAME(SORT_BY_ALIGNMENT(._fpga_driver_api.static.*)))
                0x0000000008008490                _fpga_driver_api_list_end = .

fuel_gauge_driver_api_area
                0x0000000008008490        0x0
                0x0000000008008490                _fuel_gauge_driver_api_list_start = .
 *(SORT_BY_NAME(SORT_BY_ALIGNMENT(._fuel_gauge_driver_api.static.*)))
                0x0000000008008490                _fuel_gauge_driver_api_list_end = .

gnss_driver_api_area
                0x0000000008008490        0x0
                0x0000000008008490                _gnss_driver_api_list_start = .
 *(SORT_BY_NAME(SORT_BY_ALIGNMENT(._gnss_driver_api.static.*)))
                0x0000000008008490                _gnss_driver_api_list_end = .

haptics_driver_api_area
                0x0000000008008490        0x0
                0x0000000008008490                _haptics_driver_api_list_start = .
 *(SORT_BY_NAME(SORT_BY_ALIGNMENT(._haptics_driver_api.static.*)))
                0x0000000008008490                _haptics_driver_api_list_end = .

hwspinlock_driver_api_area
                0x0000000008008490        0x0
                0x0000000008008490                _hwspinlock_driver_api_list_start = .
 *(SORT_BY_NAME(SORT_BY_ALIGNMENT(._hwspinlock_driver_api.static.*)))
                0x0000000008008490                _hwspinlock_driver_api_list_end = .

i2c_driver_api_area
                0x0000000008008490        0x0
                0x0000000008008490                _i2c_driver_api_list_start = .
 *(SORT_BY_NAME(SORT_BY_ALIGNMENT(._i2c_driver_api.static.*)))
                0x0000000008008490                _i2c_driver_api_list_end = .

i2c_target_driver_api_area
                0x0000000008008490        0x0
                0x0000000008008490                _i2c_target_driver_api_list_start = .
 *(SORT_BY_NAME(SORT_BY_ALIGNMENT(._i2c_target_driver_api.static.*)))
                0x0000000008008490                _i2c_target_driver_api_list_end = .

i2s_driver_api_area
                0x0000000008008490        0x0
                0x0000000008008490                _i2s_driver_api_list_start = .
 *(SORT_BY_NAME(SORT_BY_ALIGNMENT(._i2s_driver_api.static.*)))
                0x0000000008008490                _i2s_driver_api_list_end = .

i3c_driver_api_area
                0x0000000008008490        0x0
                0x0000000008008490                _i3c_driver_api_list_start = .
 *(SORT_BY_NAME(SORT_BY_ALIGNMENT(._i3c_driver_api.static.*)))
                0x0000000008008490                _i3c_driver_api_list_end = .

ipm_driver_api_area
                0x0000000008008490        0x0
                0x0000000008008490                _ipm_driver_api_list_start = .
 *(SORT_BY_NAME(SORT_BY_ALIGNMENT(._ipm_driver_api.static.*)))
                0x0000000008008490                _ipm_driver_api_list_end = .

led_driver_api_area
                0x0000000008008490        0x0
                0x0000000008008490                _led_driver_api_list_start = .
 *(SORT_BY_NAME(SORT_BY_ALIGNMENT(._led_driver_api.static.*)))
                0x0000000008008490                _led_driver_api_list_end = .

led_strip_driver_api_area
                0x0000000008008490        0x0
                0x0000000008008490                _led_strip_driver_api_list_start = .
 *(SORT_BY_NAME(SORT_BY_ALIGNMENT(._led_strip_driver_api.static.*)))
                0x0000000008008490                _led_strip_driver_api_list_end = .

lora_driver_api_area
                0x0000000008008490        0x0
                0x0000000008008490                _lora_driver_api_list_start = .
 *(SORT_BY_NAME(SORT_BY_ALIGNMENT(._lora_driver_api.static.*)))